2026-03-26 09:00:01,665 - robot_collector - INFO - 机器人数据收集系统启动
2026-03-26 09:00:01,666 - robot_collector - INFO - ============================================================
2026-03-26 09:00:01,666 - robot_collector - INFO - 开始执行机器人数据收集任务
2026-03-26 09:00:01,666 - robot_collector - INFO - Token 剩余：1,000,000 / 1,000,000
2026-03-26 09:00:01,666 - robot_collector - INFO - ============================================================
2026-03-26 09:00:01,667 - robot_collector - INFO - 加载现有数据：24 条记录
2026-03-26 09:00:01,668 - robot_collector - INFO - 步骤 1: 收集官方渠道数据...
2026-03-26 09:00:01,668 - robot_collector - INFO - 步骤 2: 收集行业平台数据...
2026-03-26 09:00:01,668 - robot_collector - INFO - 步骤 3: 检查价格更新...
2026-03-26 09:00:01,668 - robot_collector - INFO - 开始检查 24 款产品的价格更新
2026-03-26 09:00:01,668 - robot_collector - INFO - 已检查 0/24 款产品
2026-03-26 09:00:01,668 - robot_collector - INFO - 已检查 10/24 款产品
2026-03-26 09:00:01,668 - robot_collector - INFO - 已检查 20/24 款产品
2026-03-26 09:00:01,668 - robot_collector - INFO - 步骤 4: 收集事故数据...
2026-03-26 09:00:01,668 - robot_collector - INFO - 去重：24 -> 24
2026-03-26 09:00:01,668 - robot_collector - INFO - 步骤 5: 保存数据库...
2026-03-26 09:00:01,669 - robot_collector - INFO - 数据库已保存：24 条记录
2026-03-26 09:00:01,669 - robot_collector - INFO - ============================================================
2026-03-26 09:00:01,669 - robot_collector - INFO - 数据收集任务完成
2026-03-26 09:00:01,669 - robot_collector - INFO - 新增公司：0
2026-03-26 09:00:01,669 - robot_collector - INFO - 新增产品：0
2026-03-26 09:00:01,669 - robot_collector - INFO - 更新产品：0
2026-03-26 09:00:01,669 - robot_collector - INFO - 新增事故：0
2026-03-26 09:00:01,669 - robot_collector - INFO - Token 使用：2,000 (0.2%)
2026-03-26 09:00:01,669 - robot_collector - INFO - ============================================================
2026-03-26 09:00:01,670 - robot_collector - INFO - 日报已保存：/home/admin/.openclaw/workspace/reports/2026-03-26_机器人数据收集日报.md
2026-03-26 09:00:01,670 - robot_collector - INFO - 日报已生成：/home/admin/.openclaw/workspace/reports/2026-03-26_机器人数据收集日报.md
2026-03-26 09:00:01,670 - robot_collector - INFO - 系统运行完成
2026-03-27 09:00:01,520 - robot_collector - INFO - 机器人数据收集系统启动
2026-03-27 09:00:01,521 - robot_collector - INFO - ============================================================
2026-03-27 09:00:01,521 - robot_collector - INFO - 开始执行机器人数据收集任务
2026-03-27 09:00:01,521 - robot_collector - INFO - Token 剩余：1,000,000 / 1,000,000
2026-03-27 09:00:01,521 - robot_collector - INFO - ============================================================
2026-03-27 09:00:01,522 - robot_collector - INFO - 加载现有数据：24 条记录
2026-03-27 09:00:01,522 - robot_collector - INFO - 步骤 1: 收集官方渠道数据...
2026-03-27 09:00:01,522 - robot_collector - INFO - 步骤 2: 收集行业平台数据...
2026-03-27 09:00:01,522 - robot_collector - INFO - 步骤 3: 检查价格更新...
2026-03-27 09:00:01,522 - robot_collector - INFO - 开始检查 24 款产品的价格更新
2026-03-27 09:00:01,522 - robot_collector - INFO - 已检查 0/24 款产品
2026-03-27 09:00:01,522 - robot_collector - INFO - 已检查 10/24 款产品
2026-03-27 09:00:01,522 - robot_collector - INFO - 已检查 20/24 款产品
2026-03-27 09:00:01,523 - robot_collector - INFO - 步骤 4: 收集事故数据...
2026-03-27 09:00:01,523 - robot_collector - INFO - 去重：24 -> 24
2026-03-27 09:00:01,523 - robot_collector - INFO - 步骤 5: 保存数据库...
2026-03-27 09:00:01,523 - robot_collector - INFO - 数据库已保存：24 条记录
2026-03-27 09:00:01,523 - robot_collector - INFO - ============================================================
2026-03-27 09:00:01,523 - robot_collector - INFO - 数据收集任务完成
2026-03-27 09:00:01,523 - robot_collector - INFO - 新增公司：0
2026-03-27 09:00:01,524 - robot_collector - INFO - 新增产品：0
2026-03-27 09:00:01,524 - robot_collector - INFO - 更新产品：0
2026-03-27 09:00:01,524 - robot_collector - INFO - 新增事故：0
2026-03-27 09:00:01,524 - robot_collector - INFO - Token 使用：2,000 (0.2%)
2026-03-27 09:00:01,524 - robot_collector - INFO - ============================================================
2026-03-27 09:00:01,524 - robot_collector - INFO - 日报已保存：/home/admin/.openclaw/workspace/reports/2026-03-27_机器人数据收集日报.md
2026-03-27 09:00:01,524 - robot_collector - INFO - 日报已生成：/home/admin/.openclaw/workspace/reports/2026-03-27_机器人数据收集日报.md
2026-03-27 09:00:01,524 - robot_collector - INFO - 系统运行完成
2026-03-28 09:00:01,352 - robot_collector - INFO - 机器人数据收集系统启动
2026-03-28 09:00:01,353 - robot_collector - INFO - ============================================================
2026-03-28 09:00:01,353 - robot_collector - INFO - 开始执行机器人数据收集任务
2026-03-28 09:00:01,353 - robot_collector - INFO - Token 剩余：1,000,000 / 1,000,000
2026-03-28 09:00:01,353 - robot_collector - INFO - ============================================================
2026-03-28 09:00:01,355 - robot_collector - INFO - 加载现有数据：24 条记录
2026-03-28 09:00:01,355 - robot_collector - INFO - 步骤 1: 收集官方渠道数据...
2026-03-28 09:00:01,355 - robot_collector - INFO - 步骤 2: 收集行业平台数据...
2026-03-28 09:00:01,355 - robot_collector - INFO - 步骤 3: 检查价格更新...
2026-03-28 09:00:01,355 - robot_collector - INFO - 开始检查 24 款产品的价格更新
2026-03-28 09:00:01,355 - robot_collector - INFO - 已检查 0/24 款产品
2026-03-28 09:00:01,355 - robot_collector - INFO - 已检查 10/24 款产品
2026-03-28 09:00:01,355 - robot_collector - INFO - 已检查 20/24 款产品
2026-03-28 09:00:01,355 - robot_collector - INFO - 步骤 4: 收集事故数据...
2026-03-28 09:00:01,355 - robot_collector - INFO - 去重：24 -> 24
2026-03-28 09:00:01,355 - robot_collector - INFO - 步骤 5: 保存数据库...
2026-03-28 09:00:01,356 - robot_collector - INFO - 数据库已保存：24 条记录
2026-03-28 09:00:01,356 - robot_collector - INFO - ============================================================
2026-03-28 09:00:01,356 - robot_collector - INFO - 数据收集任务完成
2026-03-28 09:00:01,356 - robot_collector - INFO - 新增公司：0
2026-03-28 09:00:01,356 - robot_collector - INFO - 新增产品：0
2026-03-28 09:00:01,356 - robot_collector - INFO - 更新产品：0
2026-03-28 09:00:01,356 - robot_collector - INFO - 新增事故：0
2026-03-28 09:00:01,356 - robot_collector - INFO - Token 使用：2,000 (0.2%)
2026-03-28 09:00:01,356 - robot_collector - INFO - ============================================================
2026-03-28 09:00:01,357 - robot_collector - INFO - 日报已保存：/home/admin/.openclaw/workspace/reports/2026-03-28_机器人数据收集日报.md
2026-03-28 09:00:01,357 - robot_collector - INFO - 日报已生成：/home/admin/.openclaw/workspace/reports/2026-03-28_机器人数据收集日报.md
2026-03-28 09:00:01,357 - robot_collector - INFO - 系统运行完成
2026-03-29 09:00:02,321 - robot_collector - INFO - 机器人数据收集系统启动
2026-03-29 09:00:02,322 - robot_collector - INFO - ============================================================
2026-03-29 09:00:02,322 - robot_collector - INFO - 开始执行机器人数据收集任务
2026-03-29 09:00:02,322 - robot_collector - INFO - Token 剩余：1,000,000 / 1,000,000
2026-03-29 09:00:02,322 - robot_collector - INFO - ============================================================
2026-03-29 09:00:02,323 - robot_collector - INFO - 加载现有数据：24 条记录
2026-03-29 09:00:02,324 - robot_collector - INFO - 步骤 1: 收集官方渠道数据...
2026-03-29 09:00:02,324 - robot_collector - INFO - 步骤 2: 收集行业平台数据...
2026-03-29 09:00:02,324 - robot_collector - INFO - 步骤 3: 检查价格更新...
2026-03-29 09:00:02,324 - robot_collector - INFO - 开始检查 24 款产品的价格更新
2026-03-29 09:00:02,324 - robot_collector - INFO - 已检查 0/24 款产品
2026-03-29 09:00:02,324 - robot_collector - INFO - 已检查 10/24 款产品
2026-03-29 09:00:02,324 - robot_collector - INFO - 已检查 20/24 款产品
2026-03-29 09:00:02,324 - robot_collector - INFO - 步骤 4: 收集事故数据...
2026-03-29 09:00:02,324 - robot_collector - INFO - 去重：24 -> 24
2026-03-29 09:00:02,324 - robot_collector - INFO - 步骤 5: 保存数据库...
2026-03-29 09:00:02,324 - robot_collector - INFO - 数据库已保存：24 条记录
2026-03-29 09:00:02,324 - robot_collector - INFO - ============================================================
2026-03-29 09:00:02,324 - robot_collector - INFO - 数据收集任务完成
2026-03-29 09:00:02,324 - robot_collector - INFO - 新增公司：0
2026-03-29 09:00:02,324 - robot_collector - INFO - 新增产品：0
2026-03-29 09:00:02,324 - robot_collector - INFO - 更新产品：0
2026-03-29 09:00:02,324 - robot_collector - INFO - 新增事故：0
2026-03-29 09:00:02,324 - robot_collector - INFO - Token 使用：2,000 (0.2%)
2026-03-29 09:00:02,324 - robot_collector - INFO - ============================================================
2026-03-29 09:00:02,325 - robot_collector - INFO - 日报已保存：/home/admin/.openclaw/workspace/reports/2026-03-29_机器人数据收集日报.md
2026-03-29 09:00:02,325 - robot_collector - INFO - 日报已生成：/home/admin/.openclaw/workspace/reports/2026-03-29_机器人数据收集日报.md
2026-03-29 09:00:02,325 - robot_collector - INFO - 系统运行完成
2026-03-30 09:00:01,414 - robot_collector - INFO - 机器人数据收集系统启动
2026-03-30 09:00:01,414 - robot_collector - INFO - ============================================================
2026-03-30 09:00:01,414 - robot_collector - INFO - 开始执行机器人数据收集任务
2026-03-30 09:00:01,414 - robot_collector - INFO - Token 剩余：1,000,000 / 1,000,000
2026-03-30 09:00:01,414 - robot_collector - INFO - ============================================================
2026-03-30 09:00:01,416 - robot_collector - INFO - 加载现有数据：24 条记录
2026-03-30 09:00:01,416 - robot_collector - INFO - 步骤 1: 收集官方渠道数据...
2026-03-30 09:00:01,416 - robot_collector - INFO - 步骤 2: 收集行业平台数据...
2026-03-30 09:00:01,416 - robot_collector - INFO - 步骤 3: 检查价格更新...
2026-03-30 09:00:01,416 - robot_collector - INFO - 开始检查 24 款产品的价格更新
2026-03-30 09:00:01,416 - robot_collector - INFO - 已检查 0/24 款产品
2026-03-30 09:00:01,416 - robot_collector - INFO - 已检查 10/24 款产品
2026-03-30 09:00:01,416 - robot_collector - INFO - 已检查 20/24 款产品
2026-03-30 09:00:01,416 - robot_collector - INFO - 步骤 4: 收集事故数据...
2026-03-30 09:00:01,416 - robot_collector - INFO - 去重：24 -> 24
2026-03-30 09:00:01,416 - robot_collector - INFO - 步骤 5: 保存数据库...
2026-03-30 09:00:01,417 - robot_collector - INFO - 数据库已保存：24 条记录
2026-03-30 09:00:01,417 - robot_collector - INFO - ============================================================
2026-03-30 09:00:01,417 - robot_collector - INFO - 数据收集任务完成
2026-03-30 09:00:01,417 - robot_collector - INFO - 新增公司：0
2026-03-30 09:00:01,417 - robot_collector - INFO - 新增产品：0
2026-03-30 09:00:01,417 - robot_collector - INFO - 更新产品：0
2026-03-30 09:00:01,417 - robot_collector - INFO - 新增事故：0
2026-03-30 09:00:01,417 - robot_collector - INFO - Token 使用：2,000 (0.2%)
2026-03-30 09:00:01,417 - robot_collector - INFO - ============================================================
2026-03-30 09:00:01,419 - robot_collector - INFO - 日报已保存：/home/admin/.openclaw/workspace/reports/2026-03-30_机器人数据收集日报.md
2026-03-30 09:00:01,419 - robot_collector - INFO - 日报已生成：/home/admin/.openclaw/workspace/reports/2026-03-30_机器人数据收集日报.md
2026-03-30 09:00:01,419 - robot_collector - INFO - 系统运行完成
2026-03-31 09:00:02,104 - robot_collector - INFO - 机器人数据收集系统启动
2026-03-31 09:00:02,104 - robot_collector - INFO - ============================================================
2026-03-31 09:00:02,105 - robot_collector - INFO - 开始执行机器人数据收集任务
2026-03-31 09:00:02,105 - robot_collector - INFO - Token 剩余：1,000,000 / 1,000,000
2026-03-31 09:00:02,105 - robot_collector - INFO - ============================================================
2026-03-31 09:00:02,107 - robot_collector - INFO - 加载现有数据：24 条记录
2026-03-31 09:00:02,107 - robot_collector - INFO - 步骤 1: 收集官方渠道数据...
2026-03-31 09:00:02,107 - robot_collector - INFO - 步骤 2: 收集行业平台数据...
2026-03-31 09:00:02,107 - robot_collector - INFO - 步骤 3: 检查价格更新...
2026-03-31 09:00:02,107 - robot_collector - INFO - 开始检查 24 款产品的价格更新
2026-03-31 09:00:02,107 - robot_collector - INFO - 已检查 0/24 款产品
2026-03-31 09:00:02,107 - robot_collector - INFO - 已检查 10/24 款产品
2026-03-31 09:00:02,107 - robot_collector - INFO - 已检查 20/24 款产品
2026-03-31 09:00:02,107 - robot_collector - INFO - 步骤 4: 收集事故数据...
2026-03-31 09:00:02,107 - robot_collector - INFO - 去重：24 -> 24
2026-03-31 09:00:02,107 - robot_collector - INFO - 步骤 5: 保存数据库...
2026-03-31 09:00:02,108 - robot_collector - INFO - 数据库已保存：24 条记录
2026-03-31 09:00:02,108 - robot_collector - INFO - ============================================================
2026-03-31 09:00:02,108 - robot_collector - INFO - 数据收集任务完成
2026-03-31 09:00:02,108 - robot_collector - INFO - 新增公司：0
2026-03-31 09:00:02,108 - robot_collector - INFO - 新增产品：0
2026-03-31 09:00:02,108 - robot_collector - INFO - 更新产品：0
2026-03-31 09:00:02,108 - robot_collector - INFO - 新增事故：0
2026-03-31 09:00:02,108 - robot_collector - INFO - Token 使用：2,000 (0.2%)
2026-03-31 09:00:02,108 - robot_collector - INFO - ============================================================
2026-03-31 09:00:02,108 - robot_collector - INFO - 日报已保存：/home/admin/.openclaw/workspace/reports/2026-03-31_机器人数据收集日报.md
2026-03-31 09:00:02,108 - robot_collector - INFO - 日报已生成：/home/admin/.openclaw/workspace/reports/2026-03-31_机器人数据收集日报.md
2026-03-31 09:00:02,108 - robot_collector - INFO - 系统运行完成
2026-04-01 09:00:01,513 - robot_collector - INFO - 机器人数据收集系统启动
2026-04-01 09:00:01,520 - robot_collector - INFO - ============================================================
2026-04-01 09:00:01,520 - robot_collector - INFO - 开始执行机器人数据收集任务
2026-04-01 09:00:01,520 - robot_collector - INFO - Token 剩余：1,000,000 / 1,000,000
2026-04-01 09:00:01,520 - robot_collector - INFO - ============================================================
2026-04-01 09:00:01,522 - robot_collector - INFO - 加载现有数据：24 条记录
2026-04-01 09:00:01,522 - robot_collector - INFO - 步骤 1: 收集官方渠道数据...
2026-04-01 09:00:01,522 - robot_collector - INFO - 步骤 2: 收集行业平台数据...
2026-04-01 09:00:01,522 - robot_collector - INFO - 步骤 3: 检查价格更新...
2026-04-01 09:00:01,522 - robot_collector - INFO - 开始检查 24 款产品的价格更新
2026-04-01 09:00:01,522 - robot_collector - INFO - 已检查 0/24 款产品
2026-04-01 09:00:01,522 - robot_collector - INFO - 已检查 10/24 款产品
2026-04-01 09:00:01,522 - robot_collector - INFO - 已检查 20/24 款产品
2026-04-01 09:00:01,522 - robot_collector - INFO - 步骤 4: 收集事故数据...
2026-04-01 09:00:01,522 - robot_collector - INFO - 去重：24 -> 24
2026-04-01 09:00:01,522 - robot_collector - INFO - 步骤 5: 保存数据库...
2026-04-01 09:00:01,522 - robot_collector - INFO - 数据库已保存：24 条记录
2026-04-01 09:00:01,522 - robot_collector - INFO - ============================================================
2026-04-01 09:00:01,522 - robot_collector - INFO - 数据收集任务完成
2026-04-01 09:00:01,523 - robot_collector - INFO - 新增公司：0
2026-04-01 09:00:01,523 - robot_collector - INFO - 新增产品：0
2026-04-01 09:00:01,523 - robot_collector - INFO - 更新产品：0
2026-04-01 09:00:01,523 - robot_collector - INFO - 新增事故：0
2026-04-01 09:00:01,523 - robot_collector - INFO - Token 使用：2,000 (0.2%)
2026-04-01 09:00:01,523 - robot_collector - INFO - ============================================================
2026-04-01 09:00:01,523 - robot_collector - INFO - 日报已保存：/home/admin/.openclaw/workspace/reports/2026-04-01_机器人数据收集日报.md
2026-04-01 09:00:01,523 - robot_collector - INFO - 日报已生成：/home/admin/.openclaw/workspace/reports/2026-04-01_机器人数据收集日报.md
2026-04-01 09:00:01,523 - robot_collector - INFO - 系统运行完成
2026-04-02 09:00:02,049 - robot_collector - INFO - 机器人数据收集系统启动
2026-04-02 09:00:02,050 - robot_collector - INFO - ============================================================
2026-04-02 09:00:02,050 - robot_collector - INFO - 开始执行机器人数据收集任务
2026-04-02 09:00:02,050 - robot_collector - INFO - Token 剩余：1,000,000 / 1,000,000
2026-04-02 09:00:02,050 - robot_collector - INFO - ============================================================
2026-04-02 09:00:02,052 - robot_collector - INFO - 加载现有数据：24 条记录
2026-04-02 09:00:02,052 - robot_collector - INFO - 步骤 1: 收集官方渠道数据...
2026-04-02 09:00:02,052 - robot_collector - INFO - 步骤 2: 收集行业平台数据...
2026-04-02 09:00:02,052 - robot_collector - INFO - 步骤 3: 检查价格更新...
2026-04-02 09:00:02,052 - robot_collector - INFO - 开始检查 24 款产品的价格更新
2026-04-02 09:00:02,052 - robot_collector - INFO - 已检查 0/24 款产品
2026-04-02 09:00:02,052 - robot_collector - INFO - 已检查 10/24 款产品
2026-04-02 09:00:02,052 - robot_collector - INFO - 已检查 20/24 款产品
2026-04-02 09:00:02,053 - robot_collector - INFO - 步骤 4: 收集事故数据...
2026-04-02 09:00:02,053 - robot_collector - INFO - 去重：24 -> 24
2026-04-02 09:00:02,053 - robot_collector - INFO - 步骤 5: 保存数据库...
2026-04-02 09:00:02,053 - robot_collector - INFO - 数据库已保存：24 条记录
2026-04-02 09:00:02,054 - robot_collector - INFO - ============================================================
2026-04-02 09:00:02,054 - robot_collector - INFO - 数据收集任务完成
2026-04-02 09:00:02,054 - robot_collector - INFO - 新增公司：0
2026-04-02 09:00:02,054 - robot_collector - INFO - 新增产品：0
2026-04-02 09:00:02,054 - robot_collector - INFO - 更新产品：0
2026-04-02 09:00:02,054 - robot_collector - INFO - 新增事故：0
2026-04-02 09:00:02,054 - robot_collector - INFO - Token 使用：2,000 (0.2%)
2026-04-02 09:00:02,054 - robot_collector - INFO - ============================================================
2026-04-02 09:00:02,054 - robot_collector - INFO - 日报已保存：/home/admin/.openclaw/workspace/reports/2026-04-02_机器人数据收集日报.md
2026-04-02 09:00:02,054 - robot_collector - INFO - 日报已生成：/home/admin/.openclaw/workspace/reports/2026-04-02_机器人数据收集日报.md
2026-04-02 09:00:02,054 - robot_collector - INFO - 系统运行完成
2026-04-03 09:00:01,744 - robot_collector - INFO - 机器人数据收集系统启动
2026-04-03 09:00:01,745 - robot_collector - INFO - ============================================================
2026-04-03 09:00:01,745 - robot_collector - INFO - 开始执行机器人数据收集任务
2026-04-03 09:00:01,745 - robot_collector - INFO - Token 剩余：1,000,000 / 1,000,000
2026-04-03 09:00:01,745 - robot_collector - INFO - ============================================================
2026-04-03 09:00:01,746 - robot_collector - INFO - 加载现有数据：24 条记录
2026-04-03 09:00:01,746 - robot_collector - INFO - 步骤 1: 收集官方渠道数据...
2026-04-03 09:00:01,747 - robot_collector - INFO - 步骤 2: 收集行业平台数据...
2026-04-03 09:00:01,747 - robot_collector - INFO - 步骤 3: 检查价格更新...
2026-04-03 09:00:01,747 - robot_collector - INFO - 开始检查 24 款产品的价格更新
2026-04-03 09:00:01,747 - robot_collector - INFO - 已检查 0/24 款产品
2026-04-03 09:00:01,747 - robot_collector - INFO - 已检查 10/24 款产品
2026-04-03 09:00:01,747 - robot_collector - INFO - 已检查 20/24 款产品
2026-04-03 09:00:01,747 - robot_collector - INFO - 步骤 4: 收集事故数据...
2026-04-03 09:00:01,747 - robot_collector - INFO - 去重：24 -> 24
2026-04-03 09:00:01,747 - robot_collector - INFO - 步骤 5: 保存数据库...
2026-04-03 09:00:01,747 - robot_collector - INFO - 数据库已保存：24 条记录
2026-04-03 09:00:01,747 - robot_collector - INFO - ============================================================
2026-04-03 09:00:01,747 - robot_collector - INFO - 数据收集任务完成
2026-04-03 09:00:01,747 - robot_collector - INFO - 新增公司：0
2026-04-03 09:00:01,747 - robot_collector - INFO - 新增产品：0
2026-04-03 09:00:01,747 - robot_collector - INFO - 更新产品：0
2026-04-03 09:00:01,747 - robot_collector - INFO - 新增事故：0
2026-04-03 09:00:01,747 - robot_collector - INFO - Token 使用：2,000 (0.2%)
2026-04-03 09:00:01,747 - robot_collector - INFO - ============================================================
2026-04-03 09:00:01,748 - robot_collector - INFO - 日报已保存：/home/admin/.openclaw/workspace/reports/2026-04-03_机器人数据收集日报.md
2026-04-03 09:00:01,748 - robot_collector - INFO - 日报已生成：/home/admin/.openclaw/workspace/reports/2026-04-03_机器人数据收集日报.md
2026-04-03 09:00:01,748 - robot_collector - INFO - 系统运行完成
