2026-03-31 20:00:01,793 - INFO - ============================================================
2026-03-31 20:00:01,793 - INFO - 无人机 BI 数据库月度数据收集任务开始
2026-03-31 20:00:01,794 - INFO - ============================================================
2026-03-31 20:00:01,794 - INFO - 开始收集销量数据...
2026-03-31 20:00:02,089 - INFO - 电商平台爬取成功：https://list.jd.com/list.html?cat=9192,9193,9194
2026-03-31 20:00:02,089 - INFO - 销量数据收集完成：8 款机型，爬取：成功
2026-03-31 20:00:02,089 - INFO - 开始收集事故数据...
2026-03-31 20:00:02,089 - INFO - 事故数据收集完成：5 款机型
2026-03-31 20:00:02,089 - INFO - 开始收集事故案例...
2026-03-31 20:00:02,089 - INFO - 事故案例收集完成：3 例
2026-03-31 20:00:02,089 - INFO - 开始更新数据库...
2026-03-31 20:00:02,091 - INFO - 已备份原文件：/home/admin/.openclaw/workspace/无人机 BI 数据库_backup_20260331_200002.csv
2026-03-31 20:00:02,093 - INFO - 数据库更新完成，更新 0 条记录
2026-03-31 20:00:02,094 - INFO - 销量历史记录已保存
2026-03-31 20:00:02,095 - INFO - 事故数据库更新：新增 0 例，总计 6 例
2026-03-31 20:00:02,096 - INFO - 开始生成月度报告...
2026-03-31 20:00:02,097 - INFO - 月度报告已生成：/home/admin/.openclaw/workspace/reports/drone/2026-03-31_无人机数据收集日报.md
2026-03-31 20:00:02,097 - INFO - 开始推送报告到飞书...
2026-03-31 20:00:02,576 - INFO - 飞书推送成功
2026-03-31 20:00:02,576 - INFO - ============================================================
2026-03-31 20:00:02,576 - INFO - 任务执行完成，耗时 0.78 秒
2026-03-31 20:00:02,576 - INFO - 执行结果：成功
2026-03-31 20:00:02,576 - INFO - ============================================================
2026-04-01 20:00:01,806 - INFO - ============================================================
2026-04-01 20:00:01,808 - INFO - 无人机 BI 数据库月度数据收集任务开始
2026-04-01 20:00:01,808 - INFO - ============================================================
2026-04-01 20:00:01,808 - INFO - 开始收集销量数据...
2026-04-01 20:00:02,117 - INFO - 电商平台爬取成功：https://list.jd.com/list.html?cat=9192,9193,9194
2026-04-01 20:00:02,117 - INFO - 销量数据收集完成：8 款机型，爬取：成功
2026-04-01 20:00:02,117 - INFO - 开始收集事故数据...
2026-04-01 20:00:02,117 - INFO - 事故数据收集完成：5 款机型
2026-04-01 20:00:02,117 - INFO - 开始收集事故案例...
2026-04-01 20:00:02,117 - INFO - 事故案例收集完成：3 例
2026-04-01 20:00:02,117 - INFO - 开始更新数据库...
2026-04-01 20:00:02,118 - INFO - 已备份原文件：/home/admin/.openclaw/workspace/无人机 BI 数据库_backup_20260401_200002.csv
2026-04-01 20:00:02,120 - INFO - 数据库更新完成，更新 0 条记录
2026-04-01 20:00:02,121 - INFO - 销量历史记录已保存
2026-04-01 20:00:02,122 - INFO - 事故数据库更新：新增 2 例，总计 11 例
2026-04-01 20:00:02,123 - INFO - 开始生成月度报告...
2026-04-01 20:00:02,123 - INFO - 月度报告已生成：/home/admin/.openclaw/workspace/reports/drone/2026-04-01_无人机数据收集日报.md
2026-04-01 20:00:02,123 - INFO - 开始推送报告到飞书...
2026-04-01 20:00:02,576 - INFO - 飞书推送成功
2026-04-01 20:00:02,576 - INFO - ============================================================
2026-04-01 20:00:02,576 - INFO - 任务执行完成，耗时 0.77 秒
2026-04-01 20:00:02,576 - INFO - 执行结果：成功
2026-04-01 20:00:02,576 - INFO - ============================================================
2026-04-02 20:00:01,678 - INFO - ============================================================
2026-04-02 20:00:01,679 - INFO - 无人机 BI 数据库月度数据收集任务开始
2026-04-02 20:00:01,679 - INFO - ============================================================
2026-04-02 20:00:01,679 - INFO - 开始收集销量数据...
2026-04-02 20:00:01,956 - INFO - 电商平台爬取成功：https://list.jd.com/list.html?cat=9192,9193,9194
2026-04-02 20:00:01,956 - INFO - 销量数据收集完成：8 款机型，爬取：成功
2026-04-02 20:00:01,956 - INFO - 开始收集事故数据...
2026-04-02 20:00:01,956 - INFO - 事故数据收集完成：5 款机型
2026-04-02 20:00:01,956 - INFO - 开始收集事故案例...
2026-04-02 20:00:01,956 - INFO - 事故案例收集完成：3 例
2026-04-02 20:00:01,956 - INFO - 开始更新数据库...
2026-04-02 20:00:01,958 - INFO - 已备份原文件：/home/admin/.openclaw/workspace/无人机 BI 数据库_backup_20260402_200001.csv
2026-04-02 20:00:01,959 - INFO - 数据库更新完成，更新 0 条记录
2026-04-02 20:00:01,961 - INFO - 销量历史记录已保存
2026-04-02 20:00:01,961 - INFO - 事故数据库更新：新增 0 例，总计 12 例
2026-04-02 20:00:01,962 - INFO - 开始生成月度报告...
2026-04-02 20:00:01,963 - INFO - 月度报告已生成：/home/admin/.openclaw/workspace/reports/drone/2026-04-02_无人机数据收集日报.md
2026-04-02 20:00:01,963 - INFO - 开始推送报告到飞书...
2026-04-02 20:00:02,516 - INFO - 飞书推送成功
2026-04-02 20:00:02,516 - INFO - ============================================================
2026-04-02 20:00:02,516 - INFO - 任务执行完成，耗时 0.84 秒
2026-04-02 20:00:02,516 - INFO - 执行结果：成功
2026-04-02 20:00:02,516 - INFO - ============================================================
