2026-03-31 20:00:01,793 - INFO - ============================================================
2026-03-31 20:00:01,793 - INFO - 临床试验数据库月度数据收集任务开始
2026-03-31 20:00:01,793 - INFO - ============================================================
2026-03-31 20:00:01,793 - INFO - 开始收集 CDE 数据...
2026-03-31 20:00:02,127 - INFO - CDE 数据收集完成：新增试验 3 项，批准通知 15 项
2026-03-31 20:00:02,127 - INFO - 开始收集 NMPA 数据...
2026-03-31 20:00:02,127 - INFO - NMPA 数据收集完成：不良反应报告 156000 例
2026-03-31 20:00:02,127 - INFO - 开始收集临床试验登记数据...
2026-03-31 20:00:02,127 - INFO - 登记平台数据收集完成：进行中试验 4850 项
2026-03-31 20:00:02,128 - INFO - 开始收集保险费率数据...
2026-03-31 20:00:02,129 - INFO - 费率历史记录已保存
2026-03-31 20:00:02,129 - INFO - 保险费率数据收集完成：5 家保险公司，趋势分析：分析完成
2026-03-31 20:00:02,129 - INFO - 开始收集事故数据...
2026-03-31 20:00:02,130 - INFO - 事故数据库更新：新增 0 例，总计 4 例
2026-03-31 20:00:02,130 - INFO - 发送告警消息：2 条
2026-03-31 20:00:02,599 - INFO - 事故数据收集完成：3 例，发送告警 2 条
2026-03-31 20:00:02,600 - INFO - 月度汇总已保存：/home/admin/.openclaw/workspace/clinical_trial_data/2026-03_月度汇总.json
2026-03-31 20:00:02,600 - INFO - 开始生成月度报告...
2026-03-31 20:00:02,600 - INFO - 月度报告已生成：/home/admin/.openclaw/workspace/reports/clinical_trial/2026-03-31_临床试验数据收集日报.md
2026-03-31 20:00:02,600 - INFO - 开始推送报告到飞书...
2026-03-31 20:00:06,026 - ERROR - 飞书推送失败：{'code': 11232, 'data': {}, 'msg': 'frequency limited psm[lark.oapi.app_platform_runtime]appID[1500]'}
2026-03-31 20:00:06,026 - WARNING - 飞书推送失败，但任务继续
2026-03-31 20:00:06,026 - INFO - ============================================================
2026-03-31 20:00:06,026 - INFO - 任务执行完成，耗时 4.23 秒
2026-03-31 20:00:06,026 - INFO - 执行结果：成功
2026-03-31 20:00:06,026 - INFO - ============================================================
2026-04-01 20:00:01,803 - INFO - ============================================================
2026-04-01 20:00:01,804 - INFO - 临床试验数据库月度数据收集任务开始
2026-04-01 20:00:01,804 - INFO - ============================================================
2026-04-01 20:00:01,804 - INFO - 开始收集 CDE 数据...
2026-04-01 20:00:02,001 - INFO - CDE 数据收集完成：新增试验 3 项，批准通知 15 项
2026-04-01 20:00:02,001 - INFO - 开始收集 NMPA 数据...
2026-04-01 20:00:02,001 - INFO - NMPA 数据收集完成：不良反应报告 156000 例
2026-04-01 20:00:02,001 - INFO - 开始收集临床试验登记数据...
2026-04-01 20:00:02,001 - INFO - 登记平台数据收集完成：进行中试验 4850 项
2026-04-01 20:00:02,001 - INFO - 开始收集保险费率数据...
2026-04-01 20:00:02,003 - INFO - 费率历史记录已保存
2026-04-01 20:00:02,004 - INFO - 保险费率数据收集完成：5 家保险公司，趋势分析：分析完成
2026-04-01 20:00:02,004 - INFO - 开始收集事故数据...
2026-04-01 20:00:02,005 - INFO - 事故数据库更新：新增 2 例，总计 9 例
2026-04-01 20:00:02,005 - INFO - 发送告警消息：2 条
2026-04-01 20:00:02,486 - INFO - 事故数据收集完成：3 例，发送告警 2 条
2026-04-01 20:00:02,486 - INFO - 月度汇总已保存：/home/admin/.openclaw/workspace/clinical_trial_data/2026-04_月度汇总.json
2026-04-01 20:00:02,486 - INFO - 开始生成月度报告...
2026-04-01 20:00:02,487 - INFO - 月度报告已生成：/home/admin/.openclaw/workspace/reports/clinical_trial/2026-04-01_临床试验数据收集日报.md
2026-04-01 20:00:02,487 - INFO - 开始推送报告到飞书...
2026-04-01 20:00:03,610 - ERROR - 飞书推送失败：{'code': 11232, 'data': {}, 'msg': 'frequency limited psm[lark.oapi.app_platform_runtime]appID[1500]'}
2026-04-01 20:00:03,610 - WARNING - 飞书推送失败，但任务继续
2026-04-01 20:00:03,610 - INFO - ============================================================
2026-04-01 20:00:03,610 - INFO - 任务执行完成，耗时 1.81 秒
2026-04-01 20:00:03,610 - INFO - 执行结果：成功
2026-04-01 20:00:03,610 - INFO - ============================================================
2026-04-02 20:00:01,678 - INFO - ============================================================
2026-04-02 20:00:01,679 - INFO - 临床试验数据库月度数据收集任务开始
2026-04-02 20:00:01,679 - INFO - ============================================================
2026-04-02 20:00:01,679 - INFO - 开始收集 CDE 数据...
2026-04-02 20:00:01,897 - INFO - CDE 数据收集完成：新增试验 3 项，批准通知 15 项
2026-04-02 20:00:01,897 - INFO - 开始收集 NMPA 数据...
2026-04-02 20:00:01,897 - INFO - NMPA 数据收集完成：不良反应报告 156000 例
2026-04-02 20:00:01,897 - INFO - 开始收集临床试验登记数据...
2026-04-02 20:00:01,897 - INFO - 登记平台数据收集完成：进行中试验 4850 项
2026-04-02 20:00:01,897 - INFO - 开始收集保险费率数据...
2026-04-02 20:00:01,899 - INFO - 费率历史记录已保存
2026-04-02 20:00:01,900 - INFO - 保险费率数据收集完成：5 家保险公司，趋势分析：分析完成
2026-04-02 20:00:01,900 - INFO - 开始收集事故数据...
2026-04-02 20:00:01,900 - INFO - 事故数据库更新：新增 0 例，总计 10 例
2026-04-02 20:00:01,900 - INFO - 发送告警消息：2 条
2026-04-02 20:00:05,352 - INFO - 告警推送成功
2026-04-02 20:00:05,352 - INFO - 事故数据收集完成：3 例，发送告警 2 条
2026-04-02 20:00:05,352 - INFO - 月度汇总已保存：/home/admin/.openclaw/workspace/clinical_trial_data/2026-04_月度汇总.json
2026-04-02 20:00:05,353 - INFO - 开始生成月度报告...
2026-04-02 20:00:05,353 - INFO - 月度报告已生成：/home/admin/.openclaw/workspace/reports/clinical_trial/2026-04-02_临床试验数据收集日报.md
2026-04-02 20:00:05,353 - INFO - 开始推送报告到飞书...
2026-04-02 20:00:05,353 - INFO - 尝试推送 (第 1/5 次)...
2026-04-02 20:00:05,788 - INFO - 飞书推送成功
2026-04-02 20:00:05,788 - INFO - ============================================================
2026-04-02 20:00:05,788 - INFO - 任务执行完成，耗时 4.11 秒
2026-04-02 20:00:05,788 - INFO - 执行结果：成功
2026-04-02 20:00:05,788 - INFO - ============================================================
