INFO:     Started server process [197195]
2026-04-02 00:02:26,236 - uvicorn.error - INFO - Started server process [197195]
INFO:     Waiting for application startup.
2026-04-02 00:02:26,236 - uvicorn.error - INFO - Waiting for application startup.
2026-04-02 00:02:26,236 - drone_api - INFO - 无人机数据库 API 启动，端口：8081
INFO:     Application startup complete.
2026-04-02 00:02:26,236 - uvicorn.error - INFO - Application startup complete.
INFO:     Uvicorn running on http://0.0.0.0:8081 (Press CTRL+C to quit)
2026-04-02 00:02:26,236 - uvicorn.error - INFO - Uvicorn running on http://0.0.0.0:8081 (Press CTRL+C to quit)
INFO:     127.0.0.1:58148 - "GET /health HTTP/1.1" 200 OK
2026-04-02 00:02:59,401 - drone_api - INFO - 加载无人机数据库：17 条记录
INFO:     127.0.0.1:58164 - "GET /api/stats HTTP/1.1" 200 OK
WARNING:  Invalid HTTP request received.
Traceback (most recent call last):
  File "/home/admin/.local/lib/python3.6/site-packages/uvicorn/protocols/http/h11_impl.py", line 136, in handle_events
    event = self.conn.next_event()
  File "/usr/local/lib/python3.6/site-packages/h11/_connection.py", line 443, in next_event
    exc._reraise_as_remote_protocol_error()
  File "/usr/local/lib/python3.6/site-packages/h11/_util.py", line 76, in _reraise_as_remote_protocol_error
    raise self
  File "/usr/local/lib/python3.6/site-packages/h11/_connection.py", line 425, in next_event
    event = self._extract_next_receive_event()
  File "/usr/local/lib/python3.6/site-packages/h11/_connection.py", line 367, in _extract_next_receive_event
    event = self._reader(self._receive_buffer)
  File "/usr/local/lib/python3.6/site-packages/h11/_readers.py", line 73, in maybe_read_from_IDLE_client
    request_line_re, lines[0], "illegal request line: {!r}", lines[0]
  File "/usr/local/lib/python3.6/site-packages/h11/_util.py", line 88, in validate
    raise LocalProtocolError(msg)
h11._util.RemoteProtocolError: illegal request line: bytearray(b'GET /api/drones/search?q=\xe5\xa4\xa7\xe7\x96\x86&price_max=50000 HTTP/1.1')
2026-04-02 00:03:04,401 - uvicorn.error - WARNING - Invalid HTTP request received.
Traceback (most recent call last):
  File "/home/admin/.local/lib/python3.6/site-packages/uvicorn/protocols/http/h11_impl.py", line 136, in handle_events
    event = self.conn.next_event()
  File "/usr/local/lib/python3.6/site-packages/h11/_connection.py", line 443, in next_event
    exc._reraise_as_remote_protocol_error()
  File "/usr/local/lib/python3.6/site-packages/h11/_util.py", line 76, in _reraise_as_remote_protocol_error
    raise self
  File "/usr/local/lib/python3.6/site-packages/h11/_connection.py", line 425, in next_event
    event = self._extract_next_receive_event()
  File "/usr/local/lib/python3.6/site-packages/h11/_connection.py", line 367, in _extract_next_receive_event
    event = self._reader(self._receive_buffer)
  File "/usr/local/lib/python3.6/site-packages/h11/_readers.py", line 73, in maybe_read_from_IDLE_client
    request_line_re, lines[0], "illegal request line: {!r}", lines[0]
  File "/usr/local/lib/python3.6/site-packages/h11/_util.py", line 88, in validate
    raise LocalProtocolError(msg)
h11._util.RemoteProtocolError: illegal request line: bytearray(b'GET /api/drones/search?q=\xe5\xa4\xa7\xe7\x96\x86&price_max=50000 HTTP/1.1')
INFO:     127.0.0.1:37862 - "GET /health HTTP/1.1" 200 OK
INFO:     Shutting down
2026-04-02 00:32:25,370 - uvicorn.error - INFO - Shutting down
INFO:     Waiting for application shutdown.
2026-04-02 00:32:25,471 - uvicorn.error - INFO - Waiting for application shutdown.
INFO:     Application shutdown complete.
2026-04-02 00:32:25,471 - uvicorn.error - INFO - Application shutdown complete.
INFO:     Finished server process [197195]
2026-04-02 00:32:25,471 - uvicorn.error - INFO - Finished server process [197195]
