2026-03-30 10:29:09,131 - INFO - ============================================================
2026-03-30 10:29:09,131 - INFO - ============================================================
2026-03-30 10:29:09,131 - INFO - 临床试验数据库月度数据收集任务开始
2026-03-30 10:29:09,131 - INFO - 临床试验数据库月度数据收集任务开始
2026-03-30 10:29:09,131 - INFO - ============================================================
2026-03-30 10:29:09,131 - INFO - ============================================================
2026-03-30 10:29:09,131 - INFO - 开始收集 CDE 数据...
2026-03-30 10:29:09,131 - INFO - 开始收集 CDE 数据...
2026-03-30 10:29:09,131 - INFO - CDE 数据收集完成：新增试验 3 项
2026-03-30 10:29:09,131 - INFO - CDE 数据收集完成：新增试验 3 项
2026-03-30 10:29:09,131 - INFO - 开始收集 NMPA 数据...
2026-03-30 10:29:09,131 - INFO - 开始收集 NMPA 数据...
2026-03-30 10:29:09,131 - INFO - NMPA 数据收集完成：不良反应报告 156000 例
2026-03-30 10:29:09,131 - INFO - NMPA 数据收集完成：不良反应报告 156000 例
2026-03-30 10:29:09,131 - INFO - 开始收集临床试验登记数据...
2026-03-30 10:29:09,131 - INFO - 开始收集临床试验登记数据...
2026-03-30 10:29:09,131 - INFO - 登记平台数据收集完成：进行中试验 4850 项
2026-03-30 10:29:09,131 - INFO - 登记平台数据收集完成：进行中试验 4850 项
2026-03-30 10:29:09,131 - INFO - 开始收集保险费率数据...
2026-03-30 10:29:09,131 - INFO - 开始收集保险费率数据...
2026-03-30 10:29:09,131 - INFO - 保险费率数据收集完成：5 家保险公司
2026-03-30 10:29:09,131 - INFO - 保险费率数据收集完成：5 家保险公司
2026-03-30 10:29:09,132 - INFO - 开始收集事故数据...
2026-03-30 10:29:09,132 - INFO - 开始收集事故数据...
2026-03-30 10:29:09,132 - INFO - 事故数据收集完成：3 例
2026-03-30 10:29:09,132 - INFO - 事故数据收集完成：3 例
2026-03-30 10:29:09,132 - INFO - 月度汇总已保存：/home/admin/.openclaw/workspace/clinical_trial_data/2026-03_月度汇总.json
2026-03-30 10:29:09,132 - INFO - 月度汇总已保存：/home/admin/.openclaw/workspace/clinical_trial_data/2026-03_月度汇总.json
2026-03-30 10:29:09,132 - INFO - 开始生成月度报告...
2026-03-30 10:29:09,132 - INFO - 开始生成月度报告...
2026-03-30 10:29:09,132 - ERROR - 任务执行异常：'器械类型'
2026-03-30 10:29:09,132 - ERROR - 任务执行异常：'器械类型'
Traceback (most recent call last):
  File "/home/admin/.openclaw/workspace/scripts/临床试验数据收集自动化.py", line 479, in main
    report_file = generate_monthly_report(all_data)
  File "/home/admin/.openclaw/workspace/scripts/临床试验数据收集自动化.py", line 373, in generate_monthly_report
    """
  File "/home/admin/.openclaw/workspace/scripts/临床试验数据收集自动化.py", line 357, in <listcomp>
    {chr(10).join([f"- **{c['日期']}** {c['药物类型']}/{c['器械类型']} ({c['分期']})：{c['事件']} → {c['结果']}" for c in accidents.get('cases', [])])}
KeyError: '器械类型'
2026-03-30 10:29:24,695 - INFO - ============================================================
2026-03-30 10:29:24,695 - INFO - ============================================================
2026-03-30 10:29:24,695 - INFO - 临床试验数据库月度数据收集任务开始
2026-03-30 10:29:24,695 - INFO - 临床试验数据库月度数据收集任务开始
2026-03-30 10:29:24,695 - INFO - ============================================================
2026-03-30 10:29:24,695 - INFO - ============================================================
2026-03-30 10:29:24,695 - INFO - 开始收集 CDE 数据...
2026-03-30 10:29:24,695 - INFO - 开始收集 CDE 数据...
2026-03-30 10:29:24,695 - INFO - CDE 数据收集完成：新增试验 3 项
2026-03-30 10:29:24,695 - INFO - CDE 数据收集完成：新增试验 3 项
2026-03-30 10:29:24,695 - INFO - 开始收集 NMPA 数据...
2026-03-30 10:29:24,695 - INFO - 开始收集 NMPA 数据...
2026-03-30 10:29:24,695 - INFO - NMPA 数据收集完成：不良反应报告 156000 例
2026-03-30 10:29:24,695 - INFO - NMPA 数据收集完成：不良反应报告 156000 例
2026-03-30 10:29:24,695 - INFO - 开始收集临床试验登记数据...
2026-03-30 10:29:24,695 - INFO - 开始收集临床试验登记数据...
2026-03-30 10:29:24,695 - INFO - 登记平台数据收集完成：进行中试验 4850 项
2026-03-30 10:29:24,695 - INFO - 登记平台数据收集完成：进行中试验 4850 项
2026-03-30 10:29:24,695 - INFO - 开始收集保险费率数据...
2026-03-30 10:29:24,695 - INFO - 开始收集保险费率数据...
2026-03-30 10:29:24,695 - INFO - 保险费率数据收集完成：5 家保险公司
2026-03-30 10:29:24,695 - INFO - 保险费率数据收集完成：5 家保险公司
2026-03-30 10:29:24,695 - INFO - 开始收集事故数据...
2026-03-30 10:29:24,695 - INFO - 开始收集事故数据...
2026-03-30 10:29:24,695 - INFO - 事故数据收集完成：3 例
2026-03-30 10:29:24,695 - INFO - 事故数据收集完成：3 例
2026-03-30 10:29:24,695 - INFO - 月度汇总已保存：/home/admin/.openclaw/workspace/clinical_trial_data/2026-03_月度汇总.json
2026-03-30 10:29:24,695 - INFO - 月度汇总已保存：/home/admin/.openclaw/workspace/clinical_trial_data/2026-03_月度汇总.json
2026-03-30 10:29:24,695 - INFO - 开始生成月度报告...
2026-03-30 10:29:24,695 - INFO - 开始生成月度报告...
2026-03-30 10:29:24,695 - INFO - 月度报告已生成：/home/admin/.openclaw/workspace/reports/clinical_trial/2026-03_临床试验数据收集月报.md
2026-03-30 10:29:24,695 - INFO - 月度报告已生成：/home/admin/.openclaw/workspace/reports/clinical_trial/2026-03_临床试验数据收集月报.md
2026-03-30 10:29:24,695 - INFO - 开始推送报告到飞书...
2026-03-30 10:29:24,695 - INFO - 开始推送报告到飞书...
2026-03-30 10:29:25,204 - INFO - 飞书推送成功
2026-03-30 10:29:25,204 - INFO - 飞书推送成功
2026-03-30 10:29:25,204 - INFO - ============================================================
2026-03-30 10:29:25,204 - INFO - ============================================================
2026-03-30 10:29:25,204 - INFO - 任务执行完成，耗时 0.51 秒
2026-03-30 10:29:25,204 - INFO - 任务执行完成，耗时 0.51 秒
2026-03-30 10:29:25,204 - INFO - 执行结果：成功
2026-03-30 10:29:25,204 - INFO - 执行结果：成功
2026-03-30 10:29:25,204 - INFO - ============================================================
2026-03-30 10:29:25,204 - INFO - ============================================================
2026-03-30 10:37:37,668 - INFO - ============================================================
2026-03-30 10:37:37,669 - INFO - 临床试验数据库月度数据收集任务开始
2026-03-30 10:37:37,669 - INFO - ============================================================
2026-03-30 10:37:37,669 - INFO - 开始收集 CDE 数据...
2026-03-30 10:37:37,975 - INFO - CDE 数据收集完成：新增试验 3 项，批准通知 15 项
2026-03-30 10:37:37,975 - INFO - 开始收集 NMPA 数据...
2026-03-30 10:37:37,976 - INFO - NMPA 数据收集完成：不良反应报告 156000 例
2026-03-30 10:37:37,976 - INFO - 开始收集临床试验登记数据...
2026-03-30 10:37:37,976 - INFO - 登记平台数据收集完成：进行中试验 4850 项
2026-03-30 10:37:37,976 - INFO - 开始收集保险费率数据...
2026-03-30 10:37:37,976 - INFO - 费率历史记录已保存
2026-03-30 10:37:37,976 - INFO - 保险费率数据收集完成：5 家保险公司，趋势分析：分析完成
2026-03-30 10:37:37,976 - INFO - 开始收集事故数据...
2026-03-30 10:37:37,977 - ERROR - 任务执行异常：dict contains fields not in fieldnames: '器械类型'
2026-03-30 10:37:48,032 - INFO - ============================================================
2026-03-30 10:37:48,033 - INFO - 临床试验数据库月度数据收集任务开始
2026-03-30 10:37:48,033 - INFO - ============================================================
2026-03-30 10:37:48,033 - INFO - 开始收集 CDE 数据...
2026-03-30 10:37:53,158 - INFO - CDE 数据收集完成：新增试验 3 项，批准通知 15 项
2026-03-30 10:37:53,158 - INFO - 开始收集 NMPA 数据...
2026-03-30 10:37:53,158 - INFO - NMPA 数据收集完成：不良反应报告 156000 例
2026-03-30 10:37:53,158 - INFO - 开始收集临床试验登记数据...
2026-03-30 10:37:53,158 - INFO - 登记平台数据收集完成：进行中试验 4850 项
2026-03-30 10:37:53,158 - INFO - 开始收集保险费率数据...
2026-03-30 10:37:53,159 - INFO - 费率历史记录已保存
2026-03-30 10:37:53,159 - INFO - 保险费率数据收集完成：5 家保险公司，趋势分析：分析完成
2026-03-30 10:37:53,159 - INFO - 开始收集事故数据...
2026-03-30 10:37:53,160 - INFO - 事故数据库更新：新增 2 例，总计 3 例
2026-03-30 10:37:53,160 - INFO - 发送告警消息：2 条
2026-03-30 10:37:53,635 - INFO - 事故数据收集完成：3 例，发送告警 2 条
2026-03-30 10:37:53,635 - INFO - 月度汇总已保存：/home/admin/.openclaw/workspace/clinical_trial_data/2026-03_月度汇总.json
2026-03-30 10:37:53,635 - INFO - 开始生成月度报告...
2026-03-30 10:37:53,635 - INFO - 月度报告已生成：/home/admin/.openclaw/workspace/reports/clinical_trial/2026-03_临床试验数据收集月报.md
2026-03-30 10:37:53,635 - INFO - 开始推送报告到飞书...
2026-03-30 10:37:53,636 - ERROR - 飞书推送异常：name 'WEBHOOK_URL' is not defined
2026-03-30 10:37:53,636 - WARNING - 飞书推送失败，但任务继续
2026-03-30 10:37:53,636 - INFO - ============================================================
2026-03-30 10:37:53,636 - INFO - 任务执行完成，耗时 5.60 秒
2026-03-30 10:37:53,636 - INFO - 执行结果：成功
2026-03-30 10:37:53,636 - INFO - ============================================================
2026-03-30 10:38:02,488 - INFO - ============================================================
2026-03-30 10:38:02,488 - INFO - ============================================================
2026-03-30 10:38:02,488 - INFO - 临床试验数据库月度数据收集任务开始
2026-03-30 10:38:02,488 - INFO - 临床试验数据库月度数据收集任务开始
2026-03-30 10:38:02,489 - INFO - ============================================================
2026-03-30 10:38:02,489 - INFO - ============================================================
2026-03-30 10:38:02,489 - INFO - 开始收集 CDE 数据...
2026-03-30 10:38:02,489 - INFO - 开始收集 CDE 数据...
2026-03-30 10:38:02,681 - INFO - CDE 数据收集完成：新增试验 3 项，批准通知 15 项
2026-03-30 10:38:02,681 - INFO - CDE 数据收集完成：新增试验 3 项，批准通知 15 项
2026-03-30 10:38:02,681 - INFO - 开始收集 NMPA 数据...
2026-03-30 10:38:02,681 - INFO - 开始收集 NMPA 数据...
2026-03-30 10:38:02,681 - INFO - NMPA 数据收集完成：不良反应报告 156000 例
2026-03-30 10:38:02,681 - INFO - NMPA 数据收集完成：不良反应报告 156000 例
2026-03-30 10:38:02,681 - INFO - 开始收集临床试验登记数据...
2026-03-30 10:38:02,681 - INFO - 开始收集临床试验登记数据...
2026-03-30 10:38:02,681 - INFO - 登记平台数据收集完成：进行中试验 4850 项
2026-03-30 10:38:02,681 - INFO - 登记平台数据收集完成：进行中试验 4850 项
2026-03-30 10:38:02,681 - INFO - 开始收集保险费率数据...
2026-03-30 10:38:02,681 - INFO - 开始收集保险费率数据...
2026-03-30 10:38:02,682 - INFO - 费率历史记录已保存
2026-03-30 10:38:02,682 - INFO - 费率历史记录已保存
2026-03-30 10:38:02,682 - INFO - 保险费率数据收集完成：5 家保险公司，趋势分析：分析完成
2026-03-30 10:38:02,682 - INFO - 保险费率数据收集完成：5 家保险公司，趋势分析：分析完成
2026-03-30 10:38:02,682 - INFO - 开始收集事故数据...
2026-03-30 10:38:02,682 - INFO - 开始收集事故数据...
2026-03-30 10:38:02,683 - INFO - 事故数据库更新：新增 1 例，总计 4 例
2026-03-30 10:38:02,683 - INFO - 事故数据库更新：新增 1 例，总计 4 例
2026-03-30 10:38:02,683 - INFO - 发送告警消息：2 条
2026-03-30 10:38:02,683 - INFO - 发送告警消息：2 条
2026-03-30 10:38:03,161 - INFO - 事故数据收集完成：3 例，发送告警 2 条
2026-03-30 10:38:03,161 - INFO - 事故数据收集完成：3 例，发送告警 2 条
2026-03-30 10:38:03,162 - INFO - 月度汇总已保存：/home/admin/.openclaw/workspace/clinical_trial_data/2026-03_月度汇总.json
2026-03-30 10:38:03,162 - INFO - 月度汇总已保存：/home/admin/.openclaw/workspace/clinical_trial_data/2026-03_月度汇总.json
2026-03-30 10:38:03,162 - INFO - 开始生成月度报告...
2026-03-30 10:38:03,162 - INFO - 开始生成月度报告...
2026-03-30 10:38:03,162 - INFO - 月度报告已生成：/home/admin/.openclaw/workspace/reports/clinical_trial/2026-03_临床试验数据收集月报.md
2026-03-30 10:38:03,162 - INFO - 月度报告已生成：/home/admin/.openclaw/workspace/reports/clinical_trial/2026-03_临床试验数据收集月报.md
2026-03-30 10:38:03,162 - INFO - 开始推送报告到飞书...
2026-03-30 10:38:03,162 - INFO - 开始推送报告到飞书...
2026-03-30 10:38:03,687 - INFO - 飞书推送成功
2026-03-30 10:38:03,687 - INFO - 飞书推送成功
2026-03-30 10:38:03,687 - INFO - ============================================================
2026-03-30 10:38:03,687 - INFO - ============================================================
2026-03-30 10:38:03,687 - INFO - 任务执行完成，耗时 1.20 秒
2026-03-30 10:38:03,687 - INFO - 任务执行完成，耗时 1.20 秒
2026-03-30 10:38:03,687 - INFO - 执行结果：成功
2026-03-30 10:38:03,687 - INFO - 执行结果：成功
2026-03-30 10:38:03,687 - INFO - ============================================================
2026-03-30 10:38:03,687 - INFO - ============================================================
2026-03-30 20:49:06,128 - INFO - ============================================================
2026-03-30 20:49:06,128 - INFO - 临床试验数据库月度数据收集任务开始
2026-03-30 20:49:06,128 - INFO - ============================================================
2026-03-30 20:49:06,128 - INFO - 开始收集 CDE 数据...
2026-03-30 20:49:06,334 - INFO - CDE 数据收集完成：新增试验 3 项，批准通知 15 项
2026-03-30 20:49:06,334 - INFO - 开始收集 NMPA 数据...
2026-03-30 20:49:06,334 - INFO - NMPA 数据收集完成：不良反应报告 156000 例
2026-03-30 20:49:06,334 - INFO - 开始收集临床试验登记数据...
2026-03-30 20:49:06,334 - INFO - 登记平台数据收集完成：进行中试验 4850 项
2026-03-30 20:49:06,334 - INFO - 开始收集保险费率数据...
2026-03-30 20:49:06,335 - INFO - 费率历史记录已保存
2026-03-30 20:49:06,335 - INFO - 保险费率数据收集完成：5 家保险公司，趋势分析：分析完成
2026-03-30 20:49:06,336 - INFO - 开始收集事故数据...
2026-03-30 20:49:06,336 - INFO - 事故数据库更新：新增 0 例，总计 4 例
2026-03-30 20:49:06,336 - INFO - 发送告警消息：2 条
2026-03-30 20:49:06,694 - INFO - 事故数据收集完成：3 例，发送告警 2 条
2026-03-30 20:49:06,695 - INFO - 月度汇总已保存：/home/admin/.openclaw/workspace/clinical_trial_data/2026-03_月度汇总.json
2026-03-30 20:49:06,695 - INFO - 开始生成月度报告...
2026-03-30 20:49:06,695 - INFO - 月度报告已生成：/home/admin/.openclaw/workspace/reports/clinical_trial/2026-03-30_临床试验数据收集日报.md
2026-03-30 20:49:06,695 - INFO - 开始推送报告到飞书...
2026-03-30 20:49:07,075 - INFO - 飞书推送成功
2026-03-30 20:49:07,075 - INFO - ============================================================
2026-03-30 20:49:07,075 - INFO - 任务执行完成，耗时 0.95 秒
2026-03-30 20:49:07,076 - INFO - 执行结果：成功
2026-03-30 20:49:07,076 - INFO - ============================================================
2026-03-31 09:00:02,103 - INFO - ============================================================
2026-03-31 09:00:02,103 - INFO - ============================================================
2026-03-31 09:00:02,103 - INFO - 临床试验数据库月度数据收集任务开始
2026-03-31 09:00:02,103 - INFO - 临床试验数据库月度数据收集任务开始
2026-03-31 09:00:02,103 - INFO - ============================================================
2026-03-31 09:00:02,103 - INFO - ============================================================
2026-03-31 09:00:02,103 - INFO - 开始收集 CDE 数据...
2026-03-31 09:00:02,103 - INFO - 开始收集 CDE 数据...
2026-03-31 09:00:02,307 - INFO - CDE 数据收集完成：新增试验 3 项，批准通知 15 项
2026-03-31 09:00:02,307 - INFO - CDE 数据收集完成：新增试验 3 项，批准通知 15 项
2026-03-31 09:00:02,307 - INFO - 开始收集 NMPA 数据...
2026-03-31 09:00:02,307 - INFO - 开始收集 NMPA 数据...
2026-03-31 09:00:02,307 - INFO - NMPA 数据收集完成：不良反应报告 156000 例
2026-03-31 09:00:02,307 - INFO - NMPA 数据收集完成：不良反应报告 156000 例
2026-03-31 09:00:02,307 - INFO - 开始收集临床试验登记数据...
2026-03-31 09:00:02,307 - INFO - 开始收集临床试验登记数据...
2026-03-31 09:00:02,307 - INFO - 登记平台数据收集完成：进行中试验 4850 项
2026-03-31 09:00:02,307 - INFO - 登记平台数据收集完成：进行中试验 4850 项
2026-03-31 09:00:02,307 - INFO - 开始收集保险费率数据...
2026-03-31 09:00:02,307 - INFO - 开始收集保险费率数据...
2026-03-31 09:00:02,309 - INFO - 费率历史记录已保存
2026-03-31 09:00:02,309 - INFO - 费率历史记录已保存
2026-03-31 09:00:02,309 - INFO - 保险费率数据收集完成：5 家保险公司，趋势分析：分析完成
2026-03-31 09:00:02,309 - INFO - 保险费率数据收集完成：5 家保险公司，趋势分析：分析完成
2026-03-31 09:00:02,309 - INFO - 开始收集事故数据...
2026-03-31 09:00:02,309 - INFO - 开始收集事故数据...
2026-03-31 09:00:02,309 - INFO - 事故数据库更新：新增 0 例，总计 4 例
2026-03-31 09:00:02,309 - INFO - 事故数据库更新：新增 0 例，总计 4 例
2026-03-31 09:00:02,310 - INFO - 发送告警消息：2 条
2026-03-31 09:00:02,310 - INFO - 发送告警消息：2 条
2026-03-31 09:00:05,898 - INFO - 事故数据收集完成：3 例，发送告警 2 条
2026-03-31 09:00:05,898 - INFO - 事故数据收集完成：3 例，发送告警 2 条
2026-03-31 09:00:05,899 - INFO - 月度汇总已保存：/home/admin/.openclaw/workspace/clinical_trial_data/2026-03_月度汇总.json
2026-03-31 09:00:05,899 - INFO - 月度汇总已保存：/home/admin/.openclaw/workspace/clinical_trial_data/2026-03_月度汇总.json
2026-03-31 09:00:05,899 - INFO - 开始生成月度报告...
2026-03-31 09:00:05,899 - INFO - 开始生成月度报告...
2026-03-31 09:00:05,899 - INFO - 月度报告已生成：/home/admin/.openclaw/workspace/reports/clinical_trial/2026-03-31_临床试验数据收集日报.md
2026-03-31 09:00:05,899 - INFO - 月度报告已生成：/home/admin/.openclaw/workspace/reports/clinical_trial/2026-03-31_临床试验数据收集日报.md
2026-03-31 09:00:05,899 - INFO - 开始推送报告到飞书...
2026-03-31 09:00:05,899 - INFO - 开始推送报告到飞书...
2026-03-31 09:00:09,036 - ERROR - 飞书推送失败：{'code': 11232, 'data': {}, 'msg': 'frequency limited psm[lark.oapi.app_platform_runtime]appID[1500]'}
2026-03-31 09:00:09,036 - ERROR - 飞书推送失败：{'code': 11232, 'data': {}, 'msg': 'frequency limited psm[lark.oapi.app_platform_runtime]appID[1500]'}
2026-03-31 09:00:09,036 - WARNING - 飞书推送失败，但任务继续
2026-03-31 09:00:09,036 - WARNING - 飞书推送失败，但任务继续
2026-03-31 09:00:09,036 - INFO - ============================================================
2026-03-31 09:00:09,036 - INFO - ============================================================
2026-03-31 09:00:09,036 - INFO - 任务执行完成，耗时 6.93 秒
2026-03-31 09:00:09,036 - INFO - 任务执行完成，耗时 6.93 秒
2026-03-31 09:00:09,036 - INFO - 执行结果：成功
2026-03-31 09:00:09,036 - INFO - 执行结果：成功
2026-03-31 09:00:09,036 - INFO - ============================================================
2026-03-31 09:00:09,036 - INFO - ============================================================
2026-03-31 20:00:01,793 - INFO - ============================================================
2026-03-31 20:00:01,793 - INFO - 临床试验数据库月度数据收集任务开始
2026-03-31 20:00:01,793 - INFO - ============================================================
2026-03-31 20:00:01,793 - INFO - 开始收集 CDE 数据...
2026-03-31 20:00:02,127 - INFO - CDE 数据收集完成：新增试验 3 项，批准通知 15 项
2026-03-31 20:00:02,127 - INFO - 开始收集 NMPA 数据...
2026-03-31 20:00:02,127 - INFO - NMPA 数据收集完成：不良反应报告 156000 例
2026-03-31 20:00:02,127 - INFO - 开始收集临床试验登记数据...
2026-03-31 20:00:02,127 - INFO - 登记平台数据收集完成：进行中试验 4850 项
2026-03-31 20:00:02,128 - INFO - 开始收集保险费率数据...
2026-03-31 20:00:02,129 - INFO - 费率历史记录已保存
2026-03-31 20:00:02,129 - INFO - 保险费率数据收集完成：5 家保险公司，趋势分析：分析完成
2026-03-31 20:00:02,129 - INFO - 开始收集事故数据...
2026-03-31 20:00:02,130 - INFO - 事故数据库更新：新增 0 例，总计 4 例
2026-03-31 20:00:02,130 - INFO - 发送告警消息：2 条
2026-03-31 20:00:02,599 - INFO - 事故数据收集完成：3 例，发送告警 2 条
2026-03-31 20:00:02,600 - INFO - 月度汇总已保存：/home/admin/.openclaw/workspace/clinical_trial_data/2026-03_月度汇总.json
2026-03-31 20:00:02,600 - INFO - 开始生成月度报告...
2026-03-31 20:00:02,600 - INFO - 月度报告已生成：/home/admin/.openclaw/workspace/reports/clinical_trial/2026-03-31_临床试验数据收集日报.md
2026-03-31 20:00:02,600 - INFO - 开始推送报告到飞书...
2026-03-31 20:00:06,026 - ERROR - 飞书推送失败：{'code': 11232, 'data': {}, 'msg': 'frequency limited psm[lark.oapi.app_platform_runtime]appID[1500]'}
2026-03-31 20:00:06,026 - WARNING - 飞书推送失败，但任务继续
2026-03-31 20:00:06,026 - INFO - ============================================================
2026-03-31 20:00:06,026 - INFO - 任务执行完成，耗时 4.23 秒
2026-03-31 20:00:06,026 - INFO - 执行结果：成功
2026-03-31 20:00:06,026 - INFO - ============================================================
2026-04-01 09:00:01,515 - INFO - ============================================================
2026-04-01 09:00:01,515 - INFO - ============================================================
2026-04-01 09:00:01,516 - INFO - 临床试验数据库月度数据收集任务开始
2026-04-01 09:00:01,516 - INFO - 临床试验数据库月度数据收集任务开始
2026-04-01 09:00:01,516 - INFO - ============================================================
2026-04-01 09:00:01,516 - INFO - ============================================================
2026-04-01 09:00:01,516 - INFO - 开始收集 CDE 数据...
2026-04-01 09:00:01,516 - INFO - 开始收集 CDE 数据...
2026-04-01 09:00:01,759 - INFO - CDE 数据收集完成：新增试验 3 项，批准通知 15 项
2026-04-01 09:00:01,759 - INFO - CDE 数据收集完成：新增试验 3 项，批准通知 15 项
2026-04-01 09:00:01,759 - INFO - 开始收集 NMPA 数据...
2026-04-01 09:00:01,759 - INFO - 开始收集 NMPA 数据...
2026-04-01 09:00:01,759 - INFO - NMPA 数据收集完成：不良反应报告 156000 例
2026-04-01 09:00:01,759 - INFO - NMPA 数据收集完成：不良反应报告 156000 例
2026-04-01 09:00:01,759 - INFO - 开始收集临床试验登记数据...
2026-04-01 09:00:01,759 - INFO - 开始收集临床试验登记数据...
2026-04-01 09:00:01,759 - INFO - 登记平台数据收集完成：进行中试验 4850 项
2026-04-01 09:00:01,759 - INFO - 登记平台数据收集完成：进行中试验 4850 项
2026-04-01 09:00:01,759 - INFO - 开始收集保险费率数据...
2026-04-01 09:00:01,759 - INFO - 开始收集保险费率数据...
2026-04-01 09:00:01,761 - INFO - 费率历史记录已保存
2026-04-01 09:00:01,761 - INFO - 费率历史记录已保存
2026-04-01 09:00:01,761 - INFO - 保险费率数据收集完成：5 家保险公司，趋势分析：分析完成
2026-04-01 09:00:01,761 - INFO - 保险费率数据收集完成：5 家保险公司，趋势分析：分析完成
2026-04-01 09:00:01,761 - INFO - 开始收集事故数据...
2026-04-01 09:00:01,761 - INFO - 开始收集事故数据...
2026-04-01 09:00:01,762 - INFO - 事故数据库更新：新增 3 例，总计 7 例
2026-04-01 09:00:01,762 - INFO - 事故数据库更新：新增 3 例，总计 7 例
2026-04-01 09:00:01,762 - INFO - 发送告警消息：2 条
2026-04-01 09:00:01,762 - INFO - 发送告警消息：2 条
2026-04-01 09:00:04,900 - INFO - 事故数据收集完成：3 例，发送告警 2 条
2026-04-01 09:00:04,900 - INFO - 事故数据收集完成：3 例，发送告警 2 条
2026-04-01 09:00:04,900 - INFO - 月度汇总已保存：/home/admin/.openclaw/workspace/clinical_trial_data/2026-04_月度汇总.json
2026-04-01 09:00:04,900 - INFO - 月度汇总已保存：/home/admin/.openclaw/workspace/clinical_trial_data/2026-04_月度汇总.json
2026-04-01 09:00:04,900 - INFO - 开始生成月度报告...
2026-04-01 09:00:04,900 - INFO - 开始生成月度报告...
2026-04-01 09:00:04,901 - INFO - 月度报告已生成：/home/admin/.openclaw/workspace/reports/clinical_trial/2026-04-01_临床试验数据收集日报.md
2026-04-01 09:00:04,901 - INFO - 月度报告已生成：/home/admin/.openclaw/workspace/reports/clinical_trial/2026-04-01_临床试验数据收集日报.md
2026-04-01 09:00:04,901 - INFO - 开始推送报告到飞书...
2026-04-01 09:00:04,901 - INFO - 开始推送报告到飞书...
2026-04-01 09:00:05,032 - ERROR - 飞书推送失败：{'code': 19006, 'data': {}, 'msg': 'internal error'}
2026-04-01 09:00:05,032 - ERROR - 飞书推送失败：{'code': 19006, 'data': {}, 'msg': 'internal error'}
2026-04-01 09:00:05,032 - WARNING - 飞书推送失败，但任务继续
2026-04-01 09:00:05,032 - WARNING - 飞书推送失败，但任务继续
2026-04-01 09:00:05,032 - INFO - ============================================================
2026-04-01 09:00:05,032 - INFO - ============================================================
2026-04-01 09:00:05,032 - INFO - 任务执行完成，耗时 3.52 秒
2026-04-01 09:00:05,032 - INFO - 任务执行完成，耗时 3.52 秒
2026-04-01 09:00:05,032 - INFO - 执行结果：成功
2026-04-01 09:00:05,032 - INFO - 执行结果：成功
2026-04-01 09:00:05,032 - INFO - ============================================================
2026-04-01 09:00:05,032 - INFO - ============================================================
2026-04-01 20:00:01,803 - INFO - ============================================================
2026-04-01 20:00:01,804 - INFO - 临床试验数据库月度数据收集任务开始
2026-04-01 20:00:01,804 - INFO - ============================================================
2026-04-01 20:00:01,804 - INFO - 开始收集 CDE 数据...
2026-04-01 20:00:02,001 - INFO - CDE 数据收集完成：新增试验 3 项，批准通知 15 项
2026-04-01 20:00:02,001 - INFO - 开始收集 NMPA 数据...
2026-04-01 20:00:02,001 - INFO - NMPA 数据收集完成：不良反应报告 156000 例
2026-04-01 20:00:02,001 - INFO - 开始收集临床试验登记数据...
2026-04-01 20:00:02,001 - INFO - 登记平台数据收集完成：进行中试验 4850 项
2026-04-01 20:00:02,001 - INFO - 开始收集保险费率数据...
2026-04-01 20:00:02,003 - INFO - 费率历史记录已保存
2026-04-01 20:00:02,004 - INFO - 保险费率数据收集完成：5 家保险公司，趋势分析：分析完成
2026-04-01 20:00:02,004 - INFO - 开始收集事故数据...
2026-04-01 20:00:02,005 - INFO - 事故数据库更新：新增 2 例，总计 9 例
2026-04-01 20:00:02,005 - INFO - 发送告警消息：2 条
2026-04-01 20:00:02,486 - INFO - 事故数据收集完成：3 例，发送告警 2 条
2026-04-01 20:00:02,486 - INFO - 月度汇总已保存：/home/admin/.openclaw/workspace/clinical_trial_data/2026-04_月度汇总.json
2026-04-01 20:00:02,486 - INFO - 开始生成月度报告...
2026-04-01 20:00:02,487 - INFO - 月度报告已生成：/home/admin/.openclaw/workspace/reports/clinical_trial/2026-04-01_临床试验数据收集日报.md
2026-04-01 20:00:02,487 - INFO - 开始推送报告到飞书...
2026-04-01 20:00:03,610 - ERROR - 飞书推送失败：{'code': 11232, 'data': {}, 'msg': 'frequency limited psm[lark.oapi.app_platform_runtime]appID[1500]'}
2026-04-01 20:00:03,610 - WARNING - 飞书推送失败，但任务继续
2026-04-01 20:00:03,610 - INFO - ============================================================
2026-04-01 20:00:03,610 - INFO - 任务执行完成，耗时 1.81 秒
2026-04-01 20:00:03,610 - INFO - 执行结果：成功
2026-04-01 20:00:03,610 - INFO - ============================================================
2026-04-01 20:53:18,145 - INFO - ============================================================
2026-04-01 20:53:18,146 - INFO - 临床试验数据库月度数据收集任务开始
2026-04-01 20:53:18,146 - INFO - ============================================================
2026-04-01 20:53:18,146 - INFO - 开始收集 CDE 数据...
2026-04-01 20:53:18,312 - INFO - CDE 数据收集完成：新增试验 3 项，批准通知 15 项
2026-04-01 20:53:18,312 - INFO - 开始收集 NMPA 数据...
2026-04-01 20:53:18,312 - INFO - NMPA 数据收集完成：不良反应报告 156000 例
2026-04-01 20:53:18,312 - INFO - 开始收集临床试验登记数据...
2026-04-01 20:53:18,312 - INFO - 登记平台数据收集完成：进行中试验 4850 项
2026-04-01 20:53:18,312 - INFO - 开始收集保险费率数据...
2026-04-01 20:53:18,314 - INFO - 费率历史记录已保存
2026-04-01 20:53:18,315 - INFO - 保险费率数据收集完成：5 家保险公司，趋势分析：分析完成
2026-04-01 20:53:18,315 - INFO - 开始收集事故数据...
2026-04-01 20:53:18,315 - INFO - 事故数据库更新：新增 1 例，总计 10 例
2026-04-01 20:53:18,315 - INFO - 发送告警消息：2 条
2026-04-01 20:53:18,763 - INFO - 告警推送成功
2026-04-01 20:53:18,763 - INFO - 事故数据收集完成：3 例，发送告警 2 条
2026-04-01 20:53:18,764 - INFO - 月度汇总已保存：/home/admin/.openclaw/workspace/clinical_trial_data/2026-04_月度汇总.json
2026-04-01 20:53:18,764 - INFO - 开始生成月度报告...
2026-04-01 20:53:18,764 - INFO - 月度报告已生成：/home/admin/.openclaw/workspace/reports/clinical_trial/2026-04-01_临床试验数据收集日报.md
2026-04-01 20:53:18,764 - INFO - 开始推送报告到飞书...
2026-04-01 20:53:18,765 - INFO - 尝试推送 (第 1/5 次)...
2026-04-01 20:53:19,151 - INFO - 飞书推送成功
2026-04-01 20:53:19,151 - INFO - ============================================================
2026-04-01 20:53:19,151 - INFO - 任务执行完成，耗时 1.01 秒
2026-04-01 20:53:19,151 - INFO - 执行结果：成功
2026-04-01 20:53:19,151 - INFO - ============================================================
2026-04-02 09:00:02,049 - INFO - ============================================================
2026-04-02 09:00:02,049 - INFO - ============================================================
2026-04-02 09:00:02,049 - INFO - 临床试验数据库月度数据收集任务开始
2026-04-02 09:00:02,049 - INFO - 临床试验数据库月度数据收集任务开始
2026-04-02 09:00:02,049 - INFO - ============================================================
2026-04-02 09:00:02,049 - INFO - ============================================================
2026-04-02 09:00:02,049 - INFO - 开始收集 CDE 数据...
2026-04-02 09:00:02,049 - INFO - 开始收集 CDE 数据...
2026-04-02 09:00:03,771 - INFO - CDE 数据收集完成：新增试验 3 项，批准通知 15 项
2026-04-02 09:00:03,771 - INFO - CDE 数据收集完成：新增试验 3 项，批准通知 15 项
2026-04-02 09:00:03,771 - INFO - 开始收集 NMPA 数据...
2026-04-02 09:00:03,771 - INFO - 开始收集 NMPA 数据...
2026-04-02 09:00:03,771 - INFO - NMPA 数据收集完成：不良反应报告 156000 例
2026-04-02 09:00:03,771 - INFO - NMPA 数据收集完成：不良反应报告 156000 例
2026-04-02 09:00:03,771 - INFO - 开始收集临床试验登记数据...
2026-04-02 09:00:03,771 - INFO - 开始收集临床试验登记数据...
2026-04-02 09:00:03,771 - INFO - 登记平台数据收集完成：进行中试验 4850 项
2026-04-02 09:00:03,771 - INFO - 登记平台数据收集完成：进行中试验 4850 项
2026-04-02 09:00:03,771 - INFO - 开始收集保险费率数据...
2026-04-02 09:00:03,771 - INFO - 开始收集保险费率数据...
2026-04-02 09:00:03,773 - INFO - 费率历史记录已保存
2026-04-02 09:00:03,773 - INFO - 费率历史记录已保存
2026-04-02 09:00:03,774 - INFO - 保险费率数据收集完成：5 家保险公司，趋势分析：分析完成
2026-04-02 09:00:03,774 - INFO - 保险费率数据收集完成：5 家保险公司，趋势分析：分析完成
2026-04-02 09:00:03,774 - INFO - 开始收集事故数据...
2026-04-02 09:00:03,774 - INFO - 开始收集事故数据...
2026-04-02 09:00:03,775 - INFO - 事故数据库更新：新增 0 例，总计 10 例
2026-04-02 09:00:03,775 - INFO - 事故数据库更新：新增 0 例，总计 10 例
2026-04-02 09:00:03,775 - INFO - 发送告警消息：2 条
2026-04-02 09:00:03,775 - INFO - 发送告警消息：2 条
2026-04-02 09:00:05,933 - WARNING - 告警推送触发限流，等待 5 秒...
2026-04-02 09:00:05,933 - WARNING - 告警推送触发限流，等待 5 秒...
2026-04-02 09:00:11,520 - INFO - 告警推送成功
2026-04-02 09:00:11,520 - INFO - 告警推送成功
2026-04-02 09:00:11,520 - INFO - 事故数据收集完成：3 例，发送告警 2 条
2026-04-02 09:00:11,520 - INFO - 事故数据收集完成：3 例，发送告警 2 条
2026-04-02 09:00:11,520 - INFO - 月度汇总已保存：/home/admin/.openclaw/workspace/clinical_trial_data/2026-04_月度汇总.json
2026-04-02 09:00:11,520 - INFO - 月度汇总已保存：/home/admin/.openclaw/workspace/clinical_trial_data/2026-04_月度汇总.json
2026-04-02 09:00:11,520 - INFO - 开始生成月度报告...
2026-04-02 09:00:11,520 - INFO - 开始生成月度报告...
2026-04-02 09:00:11,521 - INFO - 月度报告已生成：/home/admin/.openclaw/workspace/reports/clinical_trial/2026-04-02_临床试验数据收集日报.md
2026-04-02 09:00:11,521 - INFO - 月度报告已生成：/home/admin/.openclaw/workspace/reports/clinical_trial/2026-04-02_临床试验数据收集日报.md
2026-04-02 09:00:11,521 - INFO - 开始推送报告到飞书...
2026-04-02 09:00:11,521 - INFO - 开始推送报告到飞书...
2026-04-02 09:00:11,521 - INFO - 尝试推送 (第 1/5 次)...
2026-04-02 09:00:11,521 - INFO - 尝试推送 (第 1/5 次)...
2026-04-02 09:00:11,943 - INFO - 飞书推送成功
2026-04-02 09:00:11,943 - INFO - 飞书推送成功
2026-04-02 09:00:11,944 - INFO - ============================================================
2026-04-02 09:00:11,944 - INFO - ============================================================
2026-04-02 09:00:11,944 - INFO - 任务执行完成，耗时 9.89 秒
2026-04-02 09:00:11,944 - INFO - 任务执行完成，耗时 9.89 秒
2026-04-02 09:00:11,944 - INFO - 执行结果：成功
2026-04-02 09:00:11,944 - INFO - 执行结果：成功
2026-04-02 09:00:11,944 - INFO - ============================================================
2026-04-02 09:00:11,944 - INFO - ============================================================
2026-04-02 20:00:01,678 - INFO - ============================================================
2026-04-02 20:00:01,679 - INFO - 临床试验数据库月度数据收集任务开始
2026-04-02 20:00:01,679 - INFO - ============================================================
2026-04-02 20:00:01,679 - INFO - 开始收集 CDE 数据...
2026-04-02 20:00:01,897 - INFO - CDE 数据收集完成：新增试验 3 项，批准通知 15 项
2026-04-02 20:00:01,897 - INFO - 开始收集 NMPA 数据...
2026-04-02 20:00:01,897 - INFO - NMPA 数据收集完成：不良反应报告 156000 例
2026-04-02 20:00:01,897 - INFO - 开始收集临床试验登记数据...
2026-04-02 20:00:01,897 - INFO - 登记平台数据收集完成：进行中试验 4850 项
2026-04-02 20:00:01,897 - INFO - 开始收集保险费率数据...
2026-04-02 20:00:01,899 - INFO - 费率历史记录已保存
2026-04-02 20:00:01,900 - INFO - 保险费率数据收集完成：5 家保险公司，趋势分析：分析完成
2026-04-02 20:00:01,900 - INFO - 开始收集事故数据...
2026-04-02 20:00:01,900 - INFO - 事故数据库更新：新增 0 例，总计 10 例
2026-04-02 20:00:01,900 - INFO - 发送告警消息：2 条
2026-04-02 20:00:05,352 - INFO - 告警推送成功
2026-04-02 20:00:05,352 - INFO - 事故数据收集完成：3 例，发送告警 2 条
2026-04-02 20:00:05,352 - INFO - 月度汇总已保存：/home/admin/.openclaw/workspace/clinical_trial_data/2026-04_月度汇总.json
2026-04-02 20:00:05,353 - INFO - 开始生成月度报告...
2026-04-02 20:00:05,353 - INFO - 月度报告已生成：/home/admin/.openclaw/workspace/reports/clinical_trial/2026-04-02_临床试验数据收集日报.md
2026-04-02 20:00:05,353 - INFO - 开始推送报告到飞书...
2026-04-02 20:00:05,353 - INFO - 尝试推送 (第 1/5 次)...
2026-04-02 20:00:05,788 - INFO - 飞书推送成功
2026-04-02 20:00:05,788 - INFO - ============================================================
2026-04-02 20:00:05,788 - INFO - 任务执行完成，耗时 4.11 秒
2026-04-02 20:00:05,788 - INFO - 执行结果：成功
2026-04-02 20:00:05,788 - INFO - ============================================================
2026-04-03 09:00:01,746 - INFO - ============================================================
2026-04-03 09:00:01,746 - INFO - ============================================================
2026-04-03 09:00:01,757 - INFO - 临床试验数据库月度数据收集任务开始
2026-04-03 09:00:01,757 - INFO - 临床试验数据库月度数据收集任务开始
2026-04-03 09:00:01,757 - INFO - ============================================================
2026-04-03 09:00:01,757 - INFO - ============================================================
2026-04-03 09:00:01,757 - INFO - 开始收集 CDE 数据...
2026-04-03 09:00:01,757 - INFO - 开始收集 CDE 数据...
2026-04-03 09:00:02,131 - INFO - CDE 数据收集完成：新增试验 3 项，批准通知 15 项
2026-04-03 09:00:02,131 - INFO - CDE 数据收集完成：新增试验 3 项，批准通知 15 项
2026-04-03 09:00:02,131 - INFO - 开始收集 NMPA 数据...
2026-04-03 09:00:02,131 - INFO - 开始收集 NMPA 数据...
2026-04-03 09:00:02,131 - INFO - NMPA 数据收集完成：不良反应报告 156000 例
2026-04-03 09:00:02,131 - INFO - NMPA 数据收集完成：不良反应报告 156000 例
2026-04-03 09:00:02,131 - INFO - 开始收集临床试验登记数据...
2026-04-03 09:00:02,131 - INFO - 开始收集临床试验登记数据...
2026-04-03 09:00:02,131 - INFO - 登记平台数据收集完成：进行中试验 4850 项
2026-04-03 09:00:02,131 - INFO - 登记平台数据收集完成：进行中试验 4850 项
2026-04-03 09:00:02,131 - INFO - 开始收集保险费率数据...
2026-04-03 09:00:02,131 - INFO - 开始收集保险费率数据...
2026-04-03 09:00:02,133 - INFO - 费率历史记录已保存
2026-04-03 09:00:02,133 - INFO - 费率历史记录已保存
2026-04-03 09:00:02,133 - INFO - 保险费率数据收集完成：5 家保险公司，趋势分析：分析完成
2026-04-03 09:00:02,133 - INFO - 保险费率数据收集完成：5 家保险公司，趋势分析：分析完成
2026-04-03 09:00:02,133 - INFO - 开始收集事故数据...
2026-04-03 09:00:02,133 - INFO - 开始收集事故数据...
2026-04-03 09:00:02,133 - INFO - 事故数据库更新：新增 0 例，总计 10 例
2026-04-03 09:00:02,133 - INFO - 事故数据库更新：新增 0 例，总计 10 例
2026-04-03 09:00:02,134 - INFO - 发送告警消息：2 条
2026-04-03 09:00:02,134 - INFO - 发送告警消息：2 条
2026-04-03 09:00:02,703 - INFO - 告警推送成功
2026-04-03 09:00:02,703 - INFO - 告警推送成功
2026-04-03 09:00:02,703 - INFO - 事故数据收集完成：3 例，发送告警 2 条
2026-04-03 09:00:02,703 - INFO - 事故数据收集完成：3 例，发送告警 2 条
2026-04-03 09:00:02,703 - INFO - 月度汇总已保存：/home/admin/.openclaw/workspace/clinical_trial_data/2026-04_月度汇总.json
2026-04-03 09:00:02,703 - INFO - 月度汇总已保存：/home/admin/.openclaw/workspace/clinical_trial_data/2026-04_月度汇总.json
2026-04-03 09:00:02,703 - INFO - 开始生成月度报告...
2026-04-03 09:00:02,703 - INFO - 开始生成月度报告...
2026-04-03 09:00:02,704 - INFO - 月度报告已生成：/home/admin/.openclaw/workspace/reports/clinical_trial/2026-04-03_临床试验数据收集日报.md
2026-04-03 09:00:02,704 - INFO - 月度报告已生成：/home/admin/.openclaw/workspace/reports/clinical_trial/2026-04-03_临床试验数据收集日报.md
2026-04-03 09:00:02,704 - INFO - 开始推送报告到飞书...
2026-04-03 09:00:02,704 - INFO - 开始推送报告到飞书...
2026-04-03 09:00:02,704 - INFO - 尝试推送 (第 1/5 次)...
2026-04-03 09:00:02,704 - INFO - 尝试推送 (第 1/5 次)...
2026-04-03 09:00:03,828 - WARNING - 触发频率限制，等待 5 秒后重试...
2026-04-03 09:00:03,828 - WARNING - 触发频率限制，等待 5 秒后重试...
2026-04-03 09:00:08,831 - INFO - 尝试推送 (第 2/5 次)...
2026-04-03 09:00:08,831 - INFO - 尝试推送 (第 2/5 次)...
2026-04-03 09:00:11,980 - WARNING - 触发频率限制，等待 10 秒后重试...
2026-04-03 09:00:11,980 - WARNING - 触发频率限制，等待 10 秒后重试...
2026-04-03 09:00:21,989 - INFO - 尝试推送 (第 3/5 次)...
2026-04-03 09:00:21,989 - INFO - 尝试推送 (第 3/5 次)...
2026-04-03 09:00:22,480 - INFO - 飞书推送成功
2026-04-03 09:00:22,480 - INFO - 飞书推送成功
2026-04-03 09:00:22,480 - INFO - ============================================================
2026-04-03 09:00:22,480 - INFO - ============================================================
2026-04-03 09:00:22,480 - INFO - 任务执行完成，耗时 20.72 秒
2026-04-03 09:00:22,480 - INFO - 任务执行完成，耗时 20.72 秒
2026-04-03 09:00:22,480 - INFO - 执行结果：成功
2026-04-03 09:00:22,480 - INFO - 执行结果：成功
2026-04-03 09:00:22,480 - INFO - ============================================================
2026-04-03 09:00:22,480 - INFO - ============================================================
