2026-03-18 11:32:16,410 - INFO - ============================================================
2026-03-18 11:32:16,410 - INFO - 无人机 BI 数据库月度数据收集任务开始
2026-03-18 11:32:16,410 - INFO - ============================================================
2026-03-18 11:32:16,516 - ERROR - 获取 token 失败：{'code': 10003, 'data': {}, 'msg': 'invalid param'}
2026-03-18 11:32:16,516 - ERROR - 获取 Feishu token 失败，任务终止
2026-03-18 11:32:16,516 - INFO - 发送执行通知...
2026-03-18 11:32:16,516 - INFO - 
无人机数据收集任务执行完成

执行时间：2026-03-18 11:32:16
执行结果：失败
BI 数据库更新：0 条记录
事故数据库更新：0 条记录
    
2026-03-18 11:32:43,207 - INFO - ============================================================
2026-03-18 11:32:43,207 - INFO - 无人机 BI 数据库月度数据收集任务开始
2026-03-18 11:32:43,207 - INFO - ============================================================
2026-03-18 11:32:43,207 - INFO - 开始模拟数据收集...
2026-03-18 11:32:43,207 - INFO - 收集到 2 类数据更新
2026-03-18 11:32:43,207 - INFO - 开始更新 CSV 数据...
2026-03-18 11:32:43,210 - INFO - 已备份原文件：/home/admin/.openclaw/workspace/无人机 BI 数据库_backup_20260318.csv
2026-03-18 11:32:43,211 - INFO - CSV 数据更新完成，更新 0 条记录
2026-03-18 11:32:43,211 - INFO - 开始导出月度报告...
2026-03-18 11:32:43,211 - INFO - 月度报告已导出：/home/admin/.openclaw/workspace/无人机 BI 数据库_202603.csv
2026-03-18 11:32:43,211 - INFO - 生成数据摘要...
2026-03-18 11:32:43,211 - INFO - 数据摘要已保存：/home/admin/.openclaw/workspace/数据收集摘要_20260318.json
2026-03-18 11:32:43,211 - INFO - ============================================================
2026-03-18 11:32:43,211 - INFO - 任务执行完成，耗时 0.00 秒
2026-03-18 11:32:43,211 - INFO - 执行结果：成功
2026-03-18 11:32:43,211 - INFO - ============================================================
