2026-03-30 10:22:54,358 - INFO - ============================================================
2026-03-30 10:22:54,358 - INFO - ============================================================
2026-03-30 10:22:54,358 - INFO - 无人机 BI 数据库月度数据收集任务开始
2026-03-30 10:22:54,358 - INFO - 无人机 BI 数据库月度数据收集任务开始
2026-03-30 10:22:54,358 - INFO - ============================================================
2026-03-30 10:22:54,358 - INFO - ============================================================
2026-03-30 10:22:54,358 - INFO - 开始收集销量数据...
2026-03-30 10:22:54,358 - INFO - 开始收集销量数据...
2026-03-30 10:22:54,359 - INFO - 收集到 8 款机型的销量数据
2026-03-30 10:22:54,359 - INFO - 收集到 8 款机型的销量数据
2026-03-30 10:22:54,359 - INFO - 开始收集事故数据...
2026-03-30 10:22:54,359 - INFO - 开始收集事故数据...
2026-03-30 10:22:54,359 - INFO - 收集到 5 款机型的事故数据
2026-03-30 10:22:54,359 - INFO - 收集到 5 款机型的事故数据
2026-03-30 10:22:54,359 - INFO - 开始更新数据库...
2026-03-30 10:22:54,359 - INFO - 开始更新数据库...
2026-03-30 10:22:54,359 - INFO - 已备份原文件：/home/admin/.openclaw/workspace/无人机 BI 数据库_backup_20260330_102254.csv
2026-03-30 10:22:54,359 - INFO - 已备份原文件：/home/admin/.openclaw/workspace/无人机 BI 数据库_backup_20260330_102254.csv
2026-03-30 10:22:54,360 - INFO - 数据库更新完成，更新 13 条记录
2026-03-30 10:22:54,360 - INFO - 数据库更新完成，更新 13 条记录
2026-03-30 10:22:54,360 - INFO - 开始生成月度报告...
2026-03-30 10:22:54,360 - INFO - 开始生成月度报告...
2026-03-30 10:22:54,361 - INFO - 月度报告已生成：/home/admin/.openclaw/workspace/reports/drone/2026-03_无人机数据收集月报.md
2026-03-30 10:22:54,361 - INFO - 月度报告已生成：/home/admin/.openclaw/workspace/reports/drone/2026-03_无人机数据收集月报.md
2026-03-30 10:22:54,361 - INFO - 开始推送报告到飞书...
2026-03-30 10:22:54,361 - INFO - 开始推送报告到飞书...
2026-03-30 10:22:54,854 - INFO - 飞书推送成功
2026-03-30 10:22:54,854 - INFO - 飞书推送成功
2026-03-30 10:22:54,854 - INFO - ============================================================
2026-03-30 10:22:54,854 - INFO - ============================================================
2026-03-30 10:22:54,854 - INFO - 任务执行完成，耗时 0.50 秒
2026-03-30 10:22:54,854 - INFO - 任务执行完成，耗时 0.50 秒
2026-03-30 10:22:54,854 - INFO - 执行结果：成功
2026-03-30 10:22:54,854 - INFO - 执行结果：成功
2026-03-30 10:22:54,854 - INFO - ============================================================
2026-03-30 10:22:54,854 - INFO - ============================================================
2026-03-30 10:40:30,515 - INFO - ============================================================
2026-03-30 10:40:30,515 - INFO - ============================================================
2026-03-30 10:40:30,515 - INFO - 无人机 BI 数据库月度数据收集任务开始
2026-03-30 10:40:30,515 - INFO - 无人机 BI 数据库月度数据收集任务开始
2026-03-30 10:40:30,515 - INFO - ============================================================
2026-03-30 10:40:30,515 - INFO - ============================================================
2026-03-30 10:40:30,515 - INFO - 开始收集销量数据...
2026-03-30 10:40:30,515 - INFO - 开始收集销量数据...
2026-03-30 10:40:30,846 - INFO - 电商平台爬取成功：https://list.jd.com/list.html?cat=9192,9193,9194
2026-03-30 10:40:30,846 - INFO - 电商平台爬取成功：https://list.jd.com/list.html?cat=9192,9193,9194
2026-03-30 10:40:30,847 - INFO - 销量数据收集完成：8 款机型，爬取：成功
2026-03-30 10:40:30,847 - INFO - 销量数据收集完成：8 款机型，爬取：成功
2026-03-30 10:40:30,847 - INFO - 开始收集事故数据...
2026-03-30 10:40:30,847 - INFO - 开始收集事故数据...
2026-03-30 10:40:30,847 - INFO - 事故数据收集完成：5 款机型
2026-03-30 10:40:30,847 - INFO - 事故数据收集完成：5 款机型
2026-03-30 10:40:30,847 - INFO - 开始收集事故案例...
2026-03-30 10:40:30,847 - INFO - 开始收集事故案例...
2026-03-30 10:40:30,847 - INFO - 事故案例收集完成：3 例
2026-03-30 10:40:30,847 - INFO - 事故案例收集完成：3 例
2026-03-30 10:40:30,847 - INFO - 开始更新数据库...
2026-03-30 10:40:30,847 - INFO - 开始更新数据库...
2026-03-30 10:40:30,847 - INFO - 已备份原文件：/home/admin/.openclaw/workspace/无人机 BI 数据库_backup_20260330_104030.csv
2026-03-30 10:40:30,847 - INFO - 已备份原文件：/home/admin/.openclaw/workspace/无人机 BI 数据库_backup_20260330_104030.csv
2026-03-30 10:40:30,848 - INFO - 数据库更新完成，更新 0 条记录
2026-03-30 10:40:30,848 - INFO - 数据库更新完成，更新 0 条记录
2026-03-30 10:40:30,848 - INFO - 销量历史记录已保存
2026-03-30 10:40:30,848 - INFO - 销量历史记录已保存
2026-03-30 10:40:30,848 - INFO - 事故数据库更新：新增 3 例，总计 3 例
2026-03-30 10:40:30,848 - INFO - 事故数据库更新：新增 3 例，总计 3 例
2026-03-30 10:40:30,849 - INFO - 开始生成月度报告...
2026-03-30 10:40:30,849 - INFO - 开始生成月度报告...
2026-03-30 10:40:30,849 - INFO - 月度报告已生成：/home/admin/.openclaw/workspace/reports/drone/2026-03_无人机数据收集月报.md
2026-03-30 10:40:30,849 - INFO - 月度报告已生成：/home/admin/.openclaw/workspace/reports/drone/2026-03_无人机数据收集月报.md
2026-03-30 10:40:30,849 - INFO - 开始推送报告到飞书...
2026-03-30 10:40:30,849 - INFO - 开始推送报告到飞书...
2026-03-30 10:40:31,309 - INFO - 飞书推送成功
2026-03-30 10:40:31,309 - INFO - 飞书推送成功
2026-03-30 10:40:31,309 - INFO - ============================================================
2026-03-30 10:40:31,309 - INFO - ============================================================
2026-03-30 10:40:31,309 - INFO - 任务执行完成，耗时 0.79 秒
2026-03-30 10:40:31,309 - INFO - 任务执行完成，耗时 0.79 秒
2026-03-30 10:40:31,309 - INFO - 执行结果：成功
2026-03-30 10:40:31,309 - INFO - 执行结果：成功
2026-03-30 10:40:31,309 - INFO - ============================================================
2026-03-30 10:40:31,309 - INFO - ============================================================
