=========================================
执行时间：2026-03-25 20:00:01
找到日报文件：/home/admin/.openclaw/workspace/reports/2026-03-25_机器人数据收集日报.md
推送状态：待配置推送渠道

=========================================
执行时间：2026-03-26 20:00:01
找到日报文件：/home/admin/.openclaw/workspace/reports/2026-03-26_机器人数据收集日报.md
推送状态：待配置推送渠道

=========================================
执行时间：2026-03-27 20:00:01
找到日报文件：/home/admin/.openclaw/workspace/reports/2026-03-27_机器人数据收集日报.md
推送状态：待配置推送渠道

=========================================
执行时间：2026-03-28 20:00:01
找到日报文件：/home/admin/.openclaw/workspace/reports/2026-03-28_机器人数据收集日报.md
推送状态：待配置推送渠道

=========================================
执行时间：2026-03-29 20:00:01
找到日报文件：/home/admin/.openclaw/workspace/reports/2026-03-29_机器人数据收集日报.md
推送状态：待配置推送渠道

=========================================
执行时间：2026-03-30 10:13:30
找到日报文件：/home/admin/.openclaw/workspace/reports/2026-03-30_机器人数据收集日报.md
推送状态：已完成

=========================================
执行时间：2026-03-30 10:13:42
找到日报文件：/home/admin/.openclaw/workspace/reports/2026-03-30_机器人数据收集日报.md
推送状态：已完成

=========================================
执行时间：2026-03-30 10:17:49
找到日报文件：/home/admin/.openclaw/workspace/reports/2026-03-30_机器人数据收集日报.md
推送状态：已完成

=========================================
执行时间：2026-03-30 10:18:02
找到日报文件：/home/admin/.openclaw/workspace/reports/2026-03-30_机器人数据收集日报.md
推送状态：已完成

=========================================
执行时间：2026-03-30 10:18:48
找到日报文件：/home/admin/.openclaw/workspace/reports/2026-03-30_机器人数据收集日报.md
=========================================
执行时间：2026-03-30 10:18:56
找到日报文件：/home/admin/.openclaw/workspace/reports/2026-03-30_机器人数据收集日报.md
推送状态：已完成

