2026-03-30 10:43:31,100 - INFO - ============================================================
2026-03-30 10:43:31,100 - INFO - 机器人数据库数据收集任务开始
2026-03-30 10:43:31,100 - INFO - ============================================================
2026-03-30 10:43:31,100 - INFO - 开始收集机器人销量数据...
2026-03-30 10:43:32,152 - WARNING - 行业网站爬取失败：HTTPSConnectionPool(host='www.ggrobot.com', port=443): Max retries exceeded with url: / (Caused by SSLError(SSLError(1, '[SSL: CERTIFICATE_VERIFY_FAILED] certificate verify failed (_ssl.c:897)'),))，使用模拟数据
2026-03-30 10:43:32,152 - INFO - 销量数据收集完成：13 款机型，爬取：降级
2026-03-30 10:43:32,153 - INFO - 开始收集事故数据...
2026-03-30 10:43:32,153 - INFO - 事故数据收集完成：7 款机型
2026-03-30 10:43:32,153 - INFO - 开始收集事故案例...
2026-03-30 10:43:32,153 - INFO - 事故案例收集完成：3 例
2026-03-30 10:43:32,153 - INFO - 价格历史记录已保存
2026-03-30 10:43:32,154 - INFO - 事故数据库更新：新增 3 例，总计 3 例
2026-03-30 10:43:32,154 - INFO - 开始生成日报...
2026-03-30 10:43:32,155 - INFO - 日报已生成：/home/admin/.openclaw/workspace/reports/2026-03-30_机器人数据收集日报.md
2026-03-30 10:43:32,155 - INFO - 开始推送报告到飞书...
2026-03-30 10:43:32,660 - INFO - 飞书推送成功
2026-03-30 10:43:32,660 - INFO - ============================================================
2026-03-30 10:43:32,660 - INFO - 任务执行完成，耗时 1.56 秒
2026-03-30 10:43:32,660 - INFO - 执行结果：成功
2026-03-30 10:43:32,660 - INFO - ============================================================
2026-03-30 20:46:00,652 - INFO - ============================================================
2026-03-30 20:46:00,653 - INFO - 机器人数据库数据收集任务开始
2026-03-30 20:46:00,653 - INFO - ============================================================
2026-03-30 20:46:00,653 - INFO - 开始收集机器人销量数据...
2026-03-30 20:46:01,723 - WARNING - 行业网站爬取失败：HTTPSConnectionPool(host='www.ggrobot.com', port=443): Max retries exceeded with url: / (Caused by SSLError(SSLError(1, '[SSL: CERTIFICATE_VERIFY_FAILED] certificate verify failed (_ssl.c:897)'),))，使用模拟数据
2026-03-30 20:46:01,723 - INFO - 销量数据收集完成：13 款机型，爬取：降级
2026-03-30 20:46:01,723 - INFO - 开始收集事故数据...
2026-03-30 20:46:01,723 - INFO - 事故数据收集完成：7 款机型
2026-03-30 20:46:01,723 - INFO - 开始收集事故案例...
2026-03-30 20:46:01,723 - INFO - 事故案例收集完成：3 例
2026-03-30 20:46:01,725 - INFO - 价格历史记录已保存
2026-03-30 20:46:01,725 - INFO - 事故数据库更新：新增 2 例，总计 5 例
2026-03-30 20:46:01,726 - INFO - 开始生成日报...
2026-03-30 20:46:01,726 - INFO - 日报已生成：/home/admin/.openclaw/workspace/reports/2026-03-30_机器人数据收集日报.md
2026-03-30 20:46:01,727 - INFO - 开始推送报告到飞书...
2026-03-30 20:46:02,132 - INFO - 飞书推送成功
2026-03-30 20:46:02,132 - INFO - ============================================================
2026-03-30 20:46:02,132 - INFO - 任务执行完成，耗时 1.48 秒
2026-03-30 20:46:02,132 - INFO - 执行结果：成功
2026-03-30 20:46:02,132 - INFO - ============================================================
