2026-03-29 09:00:02,321 - robot_collector - INFO - 机器人数据收集系统启动
2026-03-29 09:00:02,322 - robot_collector - INFO - ============================================================
2026-03-29 09:00:02,322 - robot_collector - INFO - 开始执行机器人数据收集任务
2026-03-29 09:00:02,322 - robot_collector - INFO - Token 剩余：1,000,000 / 1,000,000
2026-03-29 09:00:02,322 - robot_collector - INFO - ============================================================
2026-03-29 09:00:02,323 - robot_collector - INFO - 加载现有数据：24 条记录
2026-03-29 09:00:02,324 - robot_collector - INFO - 步骤 1: 收集官方渠道数据...
2026-03-29 09:00:02,324 - robot_collector - INFO - 步骤 2: 收集行业平台数据...
2026-03-29 09:00:02,324 - robot_collector - INFO - 步骤 3: 检查价格更新...
2026-03-29 09:00:02,324 - robot_collector - INFO - 开始检查 24 款产品的价格更新
2026-03-29 09:00:02,324 - robot_collector - INFO - 已检查 0/24 款产品
2026-03-29 09:00:02,324 - robot_collector - INFO - 已检查 10/24 款产品
2026-03-29 09:00:02,324 - robot_collector - INFO - 已检查 20/24 款产品
2026-03-29 09:00:02,324 - robot_collector - INFO - 步骤 4: 收集事故数据...
2026-03-29 09:00:02,324 - robot_collector - INFO - 去重：24 -> 24
2026-03-29 09:00:02,324 - robot_collector - INFO - 步骤 5: 保存数据库...
2026-03-29 09:00:02,324 - robot_collector - INFO - 数据库已保存：24 条记录
2026-03-29 09:00:02,324 - robot_collector - INFO - ============================================================
2026-03-29 09:00:02,324 - robot_collector - INFO - 数据收集任务完成
2026-03-29 09:00:02,324 - robot_collector - INFO - 新增公司：0
2026-03-29 09:00:02,324 - robot_collector - INFO - 新增产品：0
2026-03-29 09:00:02,324 - robot_collector - INFO - 更新产品：0
2026-03-29 09:00:02,324 - robot_collector - INFO - 新增事故：0
2026-03-29 09:00:02,324 - robot_collector - INFO - Token 使用：2,000 (0.2%)
2026-03-29 09:00:02,324 - robot_collector - INFO - ============================================================
2026-03-29 09:00:02,325 - robot_collector - INFO - 日报已保存：/home/admin/.openclaw/workspace/reports/2026-03-29_机器人数据收集日报.md
2026-03-29 09:00:02,325 - robot_collector - INFO - 日报已生成：/home/admin/.openclaw/workspace/reports/2026-03-29_机器人数据收集日报.md
2026-03-29 09:00:02,325 - robot_collector - INFO - 系统运行完成
